Archive member included to satisfy reference by file (symbol)

/home/tim/bin/gcc-arm-none-eabi-9-2019-q4-major/bin/../lib/gcc/arm-none-eabi/9.2.1/../../../../arm-none-eabi/lib/thumb/v7e-m+fp/hard/libc_nano.a(lib_a-ctype_.o)
                              _build/nrf52840_xxaa/nrf_log_str_formatter.c.o (_ctype_)
/home/tim/bin/gcc-arm-none-eabi-9-2019-q4-major/bin/../lib/gcc/arm-none-eabi/9.2.1/../../../../arm-none-eabi/lib/thumb/v7e-m+fp/hard/libc_nano.a(lib_a-exit.o)
                              /home/tim/bin/gcc-arm-none-eabi-9-2019-q4-major/bin/../lib/gcc/arm-none-eabi/9.2.1/../../../../arm-none-eabi/lib/thumb/v7e-m+fp/hard/crt0.o (exit)
/home/tim/bin/gcc-arm-none-eabi-9-2019-q4-major/bin/../lib/gcc/arm-none-eabi/9.2.1/../../../../arm-none-eabi/lib/thumb/v7e-m+fp/hard/libc_nano.a(lib_a-impure.o)
                              /home/tim/bin/gcc-arm-none-eabi-9-2019-q4-major/bin/../lib/gcc/arm-none-eabi/9.2.1/../../../../arm-none-eabi/lib/thumb/v7e-m+fp/hard/libc_nano.a(lib_a-exit.o) (_global_impure_ptr)
/home/tim/bin/gcc-arm-none-eabi-9-2019-q4-major/bin/../lib/gcc/arm-none-eabi/9.2.1/../../../../arm-none-eabi/lib/thumb/v7e-m+fp/hard/libc_nano.a(lib_a-init.o)
                              /home/tim/bin/gcc-arm-none-eabi-9-2019-q4-major/bin/../lib/gcc/arm-none-eabi/9.2.1/../../../../arm-none-eabi/lib/thumb/v7e-m+fp/hard/crt0.o (__libc_init_array)
/home/tim/bin/gcc-arm-none-eabi-9-2019-q4-major/bin/../lib/gcc/arm-none-eabi/9.2.1/../../../../arm-none-eabi/lib/thumb/v7e-m+fp/hard/libc_nano.a(lib_a-memcmp.o)
                              _build/nrf52840_xxaa/ble_advdata.c.o (memcmp)
/home/tim/bin/gcc-arm-none-eabi-9-2019-q4-major/bin/../lib/gcc/arm-none-eabi/9.2.1/../../../../arm-none-eabi/lib/thumb/v7e-m+fp/hard/libc_nano.a(lib_a-memcpy-stub.o)
                              _build/nrf52840_xxaa/nrf_log_frontend.c.o (memcpy)
/home/tim/bin/gcc-arm-none-eabi-9-2019-q4-major/bin/../lib/gcc/arm-none-eabi/9.2.1/../../../../arm-none-eabi/lib/thumb/v7e-m+fp/hard/libc_nano.a(lib_a-memset.o)
                              /home/tim/bin/gcc-arm-none-eabi-9-2019-q4-major/bin/../lib/gcc/arm-none-eabi/9.2.1/../../../../arm-none-eabi/lib/thumb/v7e-m+fp/hard/crt0.o (memset)
/home/tim/bin/gcc-arm-none-eabi-9-2019-q4-major/bin/../lib/gcc/arm-none-eabi/9.2.1/../../../../arm-none-eabi/lib/thumb/v7e-m+fp/hard/libc_nano.a(lib_a-strcpy.o)
                              _build/nrf52840_xxaa/SEGGER_RTT.c.o (strcpy)
/home/tim/bin/gcc-arm-none-eabi-9-2019-q4-major/bin/../lib/gcc/arm-none-eabi/9.2.1/../../../../arm-none-eabi/lib/thumb/v7e-m+fp/hard/libc_nano.a(lib_a-strlen.o)
                              _build/nrf52840_xxaa/nrf_log_frontend.c.o (strlen)
/home/tim/bin/gcc-arm-none-eabi-9-2019-q4-major/bin/../lib/gcc/arm-none-eabi/9.2.1/../../../../arm-none-eabi/lib/thumb/v7e-m+fp/hard/libnosys.a(_exit.o)
                              /home/tim/bin/gcc-arm-none-eabi-9-2019-q4-major/bin/../lib/gcc/arm-none-eabi/9.2.1/../../../../arm-none-eabi/lib/thumb/v7e-m+fp/hard/libc_nano.a(lib_a-exit.o) (_exit)
/home/tim/bin/gcc-arm-none-eabi-9-2019-q4-major/bin/../lib/gcc/arm-none-eabi/9.2.1/thumb/v7e-m+fp/hard/libgcc.a(_aeabi_ldivmod.o)
                              _build/nrf52840_xxaa/bsp.c.o (__aeabi_ldivmod)
/home/tim/bin/gcc-arm-none-eabi-9-2019-q4-major/bin/../lib/gcc/arm-none-eabi/9.2.1/thumb/v7e-m+fp/hard/libgcc.a(_aeabi_uldivmod.o)
                              _build/nrf52840_xxaa/bsp.c.o (__aeabi_uldivmod)
/home/tim/bin/gcc-arm-none-eabi-9-2019-q4-major/bin/../lib/gcc/arm-none-eabi/9.2.1/thumb/v7e-m+fp/hard/libgcc.a(_udivmoddi4.o)
                              /home/tim/bin/gcc-arm-none-eabi-9-2019-q4-major/bin/../lib/gcc/arm-none-eabi/9.2.1/thumb/v7e-m+fp/hard/libgcc.a(_aeabi_ldivmod.o) (__udivmoddi4)
/home/tim/bin/gcc-arm-none-eabi-9-2019-q4-major/bin/../lib/gcc/arm-none-eabi/9.2.1/thumb/v7e-m+fp/hard/libgcc.a(_dvmd_tls.o)
                              /home/tim/bin/gcc-arm-none-eabi-9-2019-q4-major/bin/../lib/gcc/arm-none-eabi/9.2.1/thumb/v7e-m+fp/hard/libgcc.a(_aeabi_ldivmod.o) (__aeabi_ldiv0)

Allocating common symbols
Common symbol       size              file

nrf_nvic_state      0xc               _build/nrf52840_xxaa/app_util_platform.c.o
nrf_drv_uart_use_easy_dma
                    0x2               _build/nrf52840_xxaa/nrf_drv_uart.c.o
_SEGGER_RTT         0x78              _build/nrf52840_xxaa/SEGGER_RTT.c.o

Discarded input sections

 .text          0x0000000000000000        0x0 /home/tim/bin/gcc-arm-none-eabi-9-2019-q4-major/bin/../lib/gcc/arm-none-eabi/9.2.1/thumb/v7e-m+fp/hard/crti.o
 .data          0x0000000000000000        0x0 /home/tim/bin/gcc-arm-none-eabi-9-2019-q4-major/bin/../lib/gcc/arm-none-eabi/9.2.1/thumb/v7e-m+fp/hard/crti.o
 .bss           0x0000000000000000        0x0 /home/tim/bin/gcc-arm-none-eabi-9-2019-q4-major/bin/../lib/gcc/arm-none-eabi/9.2.1/thumb/v7e-m+fp/hard/crti.o
[...]
Memory Configuration

Name             Origin             Length             Attributes
FLASH            0x0000000000027000 0x00000000000d9000 xr
RAM              0x0000000020002260 0x000000000003dda0 xrw
*default*        0x0000000000000000 0xffffffffffffffff

Linker script and memory map


.text           0x0000000000027000     0xf710
 *(.isr_vector)
 .isr_vector    0x0000000000027000      0x200 _build/nrf52840_xxaa/gcc_startup_nrf52840.S.o
                0x0000000000027000                __isr_vector
 *(.text*)
 .text          0x0000000000027200       0x40 /home/tim/bin/gcc-arm-none-eabi-9-2019-q4-major/bin/../lib/gcc/arm-none-eabi/9.2.1/thumb/v7e-m+fp/hard/crtbegin.o
 .text          0x0000000000027240       0x74 /home/tim/bin/gcc-arm-none-eabi-9-2019-q4-major/bin/../lib/gcc/arm-none-eabi/9.2.1/../../../../arm-none-eabi/lib/thumb/v7e-m+fp/hard/crt0.o
                0x0000000000027240                _mainCRTStartup
                0x0000000000027240                _start
 .text          0x00000000000272b4       0x3c _build/nrf52840_xxaa/gcc_startup_nrf52840.S.o
                0x00000000000272b4                Reset_Handler
                0x00000000000272dc                NMI_Handler
                0x00000000000272de                HardFault_Handler
                0x00000000000272e0                MemoryManagement_Handler
                0x00000000000272e2                BusFault_Handler
                0x00000000000272e4                UsageFault_Handler
                0x00000000000272e6                SVC_Handler
                0x00000000000272e8                DebugMon_Handler
                0x00000000000272ea                PendSV_Handler
                0x00000000000272ec                SysTick_Handler
                0x00000000000272ee                TIMER2_IRQHandler
                0x00000000000272ee                RTC0_IRQHandler
                0x00000000000272ee                SWI0_EGU0_IRQHandler
                0x00000000000272ee                PWM1_IRQHandler
                0x00000000000272ee                RADIO_IRQHandler
                0x00000000000272ee                PDM_IRQHandler
                0x00000000000272ee                TEMP_IRQHandler
                0x00000000000272ee                QDEC_IRQHandler
                0x00000000000272ee                TIMER3_IRQHandler
                0x00000000000272ee                PWM3_IRQHandler
                0x00000000000272ee                FPU_IRQHandler
                0x00000000000272ee                USBD_IRQHandler
                0x00000000000272ee                SPIM0_SPIS0_TWIM0_TWIS0_SPI0_TWI0_IRQHandler
                0x00000000000272ee                TIMER4_IRQHandler
                0x00000000000272ee                CRYPTOCELL_IRQHandler
                0x00000000000272ee                I2S_IRQHandler
                0x00000000000272ee                SWI4_EGU4_IRQHandler
                0x00000000000272ee                TIMER0_IRQHandler
                0x00000000000272ee                UARTE1_IRQHandler
                0x00000000000272ee                TIMER1_IRQHandler
                0x00000000000272ee                SPIM3_IRQHandler
                0x00000000000272ee                PWM2_IRQHandler
                0x00000000000272ee                ECB_IRQHandler
                0x00000000000272ee                SPIM1_SPIS1_TWIM1_TWIS1_SPI1_TWI1_IRQHandler
                0x00000000000272ee                Default_Handler
                0x00000000000272ee                SAADC_IRQHandler
                0x00000000000272ee                CCM_AAR_IRQHandler
                0x00000000000272ee                WDT_IRQHandler
                0x00000000000272ee                SWI5_EGU5_IRQHandler
                0x00000000000272ee                RNG_IRQHandler
                0x00000000000272ee                RTC2_IRQHandler
                0x00000000000272ee                PWM0_IRQHandler
                0x00000000000272ee                SWI3_EGU3_IRQHandler
                0x00000000000272ee                SWI1_EGU1_IRQHandler
                0x00000000000272ee                SPIM2_SPIS2_SPI2_IRQHandler
                0x00000000000272ee                NFCT_IRQHandler
                0x00000000000272ee                MWU_IRQHandler
                0x00000000000272ee                QSPI_IRQHandler
                0x00000000000272ee                COMP_LPCOMP_IRQHandler
 .text.nrf_log_backend_serial_put
                0x00000000000272f0       0xd8 _build/nrf52840_xxaa/nrf_log_backend_serial.c.o
                0x00000000000272f0                nrf_log_backend_serial_put
 .text.uart_evt_handler
                0x00000000000273c8        0xc _build/nrf52840_xxaa/nrf_log_backend_uart.c.o
 .text.nrf_log_backend_uart_flush
                0x00000000000273d4        0x4 _build/nrf52840_xxaa/nrf_log_backend_uart.c.o
 .text.nrf_log_backend_uart_put
                0x00000000000273d8       0x20 _build/nrf52840_xxaa/nrf_log_backend_uart.c.o
 .text.serial_tx
                0x00000000000273f8       0x4c _build/nrf52840_xxaa/nrf_log_backend_uart.c.o
 .text.nrf_log_backend_uart_panic_set
                0x0000000000027444       0x7c _build/nrf52840_xxaa/nrf_log_backend_uart.c.o
 .text.nrf_log_backend_uart_init
                0x00000000000274c0       0x68 _build/nrf52840_xxaa/nrf_log_backend_uart.c.o
                0x00000000000274c0                nrf_log_backend_uart_init
 .text.nrf_log_default_backends_init
                0x0000000000027528       0x20 _build/nrf52840_xxaa/nrf_log_default_backends.c.o
                0x0000000000027528                nrf_log_default_backends_init
 .text.nrf_log_init
                0x0000000000027548       0x40 _build/nrf52840_xxaa/nrf_log_frontend.c.o
                0x0000000000027548                nrf_log_init
 .text.nrf_log_module_name_get
                0x0000000000027588       0x48 _build/nrf52840_xxaa/nrf_log_frontend.c.o
                0x0000000000027588                nrf_log_module_name_get
 .text.nrf_log_color_id_get
                0x00000000000275d0       0x2c _build/nrf52840_xxaa/nrf_log_frontend.c.o
                0x00000000000275d0                nrf_log_color_id_get
 .text.nrf_log_frontend_dequeue
                0x00000000000275fc      0x274 _build/nrf52840_xxaa/nrf_log_frontend.c.o
                0x00000000000275fc                nrf_log_frontend_dequeue
 .text.nrf_log_frontend_std_0
                0x0000000000027870      0x1a0 _build/nrf52840_xxaa/nrf_log_frontend.c.o
                0x0000000000027870                nrf_log_frontend_std_0
 .text.nrf_log_frontend_std_1
                0x0000000000027a10      0x1b0 _build/nrf52840_xxaa/nrf_log_frontend.c.o
                0x0000000000027a10                nrf_log_frontend_std_1
 .text.nrf_log_frontend_std_2
                0x0000000000027bc0      0x1c0 _build/nrf52840_xxaa/nrf_log_frontend.c.o
                0x0000000000027bc0                nrf_log_frontend_std_2
 .text.nrf_log_frontend_std_3
                0x0000000000027d80      0x1cc _build/nrf52840_xxaa/nrf_log_frontend.c.o
                0x0000000000027d80                nrf_log_frontend_std_3
 .text.nrf_log_frontend_std_4
                0x0000000000027f4c      0x1e4 _build/nrf52840_xxaa/nrf_log_frontend.c.o
                0x0000000000027f4c                nrf_log_frontend_std_4
 .text.nrf_log_backend_add
                0x0000000000028130       0x5c _build/nrf52840_xxaa/nrf_log_frontend.c.o
                0x0000000000028130                nrf_log_backend_add
 .text.nrf_log_panic
                0x000000000002818c       0x2c _build/nrf52840_xxaa/nrf_log_frontend.c.o
                0x000000000002818c                nrf_log_panic
 .text.prefix_process
                0x00000000000281b8       0x80 _build/nrf52840_xxaa/nrf_log_str_formatter.c.o
 .text.nrf_log_std_entry_process
                0x0000000000028238       0xf0 _build/nrf52840_xxaa/nrf_log_str_formatter.c.o
                0x0000000000028238                nrf_log_std_entry_process
 .text.nrf_log_hexdump_entry_process
                0x0000000000028328       0xfc _build/nrf52840_xxaa/nrf_log_str_formatter.c.o
                0x0000000000028328                nrf_log_hexdump_entry_process
 .text.gpiote_event_handler
                0x0000000000028424       0x74 _build/nrf52840_xxaa/app_button.c.o
 .text.detection_delay_timeout_handler
                0x0000000000028498      0x264 _build/nrf52840_xxaa/app_button.c.o
 .text.app_button_init
                0x00000000000286fc       0xc0 _build/nrf52840_xxaa/app_button.c.o
                0x00000000000286fc                app_button_init
 .text.app_button_enable
                0x00000000000287bc       0x2c _build/nrf52840_xxaa/app_button.c.o
                0x00000000000287bc                app_button_enable
 .text.app_error_handler_bare
                0x00000000000287e8       0x20 _build/nrf52840_xxaa/app_error.c.o
                0x00000000000287e8                app_error_handler_bare
 .text.app_error_fault_handler
                0x0000000000028808       0x70 _build/nrf52840_xxaa/app_error_weak.c.o
                0x0000000000028808                app_error_fault_handler
 .text.compare_func
                0x0000000000028878       0x18 _build/nrf52840_xxaa/app_timer2.c.o
 .text.rtc_irq  0x0000000000028890      0x318 _build/nrf52840_xxaa/app_timer2.c.o
 .text.app_timer_init
                0x0000000000028ba8       0x6c _build/nrf52840_xxaa/app_timer2.c.o
                0x0000000000028ba8                app_timer_init
 .text.app_timer_create
                0x0000000000028c14       0x1c _build/nrf52840_xxaa/app_timer2.c.o
                0x0000000000028c14                app_timer_create
 .text.app_timer_start
                0x0000000000028c30       0x8c _build/nrf52840_xxaa/app_timer2.c.o
                0x0000000000028c30                app_timer_start
 .text.app_timer_stop
                0x0000000000028cbc       0x44 _build/nrf52840_xxaa/app_timer2.c.o
                0x0000000000028cbc                app_timer_stop
 .text.app_util_critical_region_enter
                0x0000000000028d00       0x4c _build/nrf52840_xxaa/app_util_platform.c.o
                0x0000000000028d00                app_util_critical_region_enter
 .text.app_util_critical_region_exit
                0x0000000000028d4c       0x30 _build/nrf52840_xxaa/app_util_platform.c.o
                0x0000000000028d4c                app_util_critical_region_exit
 .text.drv_rtc_init
                0x0000000000028d7c       0xbc _build/nrf52840_xxaa/drv_rtc.c.o
                0x0000000000028d7c                drv_rtc_init
 .text.drv_rtc_start
                0x0000000000028e38        0x8 _build/nrf52840_xxaa/drv_rtc.c.o
                0x0000000000028e38                drv_rtc_start
 .text.drv_rtc_stop
                0x0000000000028e40        0x8 _build/nrf52840_xxaa/drv_rtc.c.o
                0x0000000000028e40                drv_rtc_stop
 .text.drv_rtc_compare_set
                0x0000000000028e48       0x4c _build/nrf52840_xxaa/drv_rtc.c.o
                0x0000000000028e48                drv_rtc_compare_set
 .text.drv_rtc_windowed_compare_set
                0x0000000000028e94       0xf8 _build/nrf52840_xxaa/drv_rtc.c.o
                0x0000000000028e94                drv_rtc_windowed_compare_set
 .text.drv_rtc_overflow_enable
                0x0000000000028f8c       0x14 _build/nrf52840_xxaa/drv_rtc.c.o
                0x0000000000028f8c                drv_rtc_overflow_enable
 .text.drv_rtc_overflow_pending
                0x0000000000028fa0       0x20 _build/nrf52840_xxaa/drv_rtc.c.o
                0x0000000000028fa0                drv_rtc_overflow_pending
 .text.drv_rtc_compare_disable
                0x0000000000028fc0       0x18 _build/nrf52840_xxaa/drv_rtc.c.o
                0x0000000000028fc0                drv_rtc_compare_disable
 .text.drv_rtc_compare_pending
                0x0000000000028fd8       0x20 _build/nrf52840_xxaa/drv_rtc.c.o
                0x0000000000028fd8                drv_rtc_compare_pending
 .text.drv_rtc_counter_get
                0x0000000000028ff8        0x8 _build/nrf52840_xxaa/drv_rtc.c.o
                0x0000000000028ff8                drv_rtc_counter_get
 .text.drv_rtc_irq_trigger
                0x0000000000029000       0x20 _build/nrf52840_xxaa/drv_rtc.c.o
                0x0000000000029000                drv_rtc_irq_trigger
 .text.RTC1_IRQHandler
                0x0000000000029020       0x14 _build/nrf52840_xxaa/drv_rtc.c.o
                0x0000000000029020                RTC1_IRQHandler
 .text.page_scan
                0x0000000000029034       0xc4 _build/nrf52840_xxaa/fds.c.o
 .text.record_find_by_desc
                0x00000000000290f8       0xe0 _build/nrf52840_xxaa/fds.c.o
 .text.queue_process
                0x00000000000291d8      0x9a4 _build/nrf52840_xxaa/fds.c.o
 .text.fs_event_handler
                0x0000000000029b7c        0x8 _build/nrf52840_xxaa/fds.c.o
 .text.fds_register
                0x0000000000029b84       0x30 _build/nrf52840_xxaa/fds.c.o
                0x0000000000029b84                fds_register
 .text.fds_init
                0x0000000000029bb4      0x294 _build/nrf52840_xxaa/fds.c.o
                0x0000000000029bb4                fds_init
 .text.fds_record_open
                0x0000000000029e48       0x5c _build/nrf52840_xxaa/fds.c.o
                0x0000000000029e48                fds_record_open
 .text.fds_record_close
                0x0000000000029ea4       0x54 _build/nrf52840_xxaa/fds.c.o
                0x0000000000029ea4                fds_record_close
 .text.fds_record_write
                0x0000000000029ef8      0x164 _build/nrf52840_xxaa/fds.c.o
                0x0000000000029ef8                fds_record_write
 .text.fds_record_update
                0x000000000002a05c      0x16c _build/nrf52840_xxaa/fds.c.o
                0x000000000002a05c                fds_record_update
 .text.fds_file_delete
                0x000000000002a1c8       0x84 _build/nrf52840_xxaa/fds.c.o
                0x000000000002a1c8                fds_file_delete
 .text.fds_gc   0x000000000002a24c       0x78 _build/nrf52840_xxaa/fds.c.o
                0x000000000002a24c                fds_gc
 .text.fds_record_find
                0x000000000002a2c4       0xdc _build/nrf52840_xxaa/fds.c.o
                0x000000000002a2c4                fds_record_find
 .text.fds_record_find_by_key
                0x000000000002a3a0       0xd0 _build/nrf52840_xxaa/fds.c.o
                0x000000000002a3a0                fds_record_find_by_key
 .text.fds_record_find_in_file
                0x000000000002a470       0xd0 _build/nrf52840_xxaa/fds.c.o
                0x000000000002a470                fds_record_find_in_file
 .text.fds_record_id_from_desc
                0x000000000002a540       0x14 _build/nrf52840_xxaa/fds.c.o
                0x000000000002a540                fds_record_id_from_desc
 .text.fds_stat
                0x000000000002a554      0x178 _build/nrf52840_xxaa/fds.c.o
                0x000000000002a554                fds_stat
 .text.nrf_atfifo_init
                0x000000000002a6cc       0x30 _build/nrf52840_xxaa/nrf_atfifo.c.o
                0x000000000002a6cc                nrf_atfifo_init
 .text.nrf_atfifo_clear
                0x000000000002a6fc       0x44 _build/nrf52840_xxaa/nrf_atfifo.c.o
                0x000000000002a6fc                nrf_atfifo_clear
 .text.nrf_atfifo_item_alloc
                0x000000000002a740       0x5c _build/nrf52840_xxaa/nrf_atfifo.c.o
                0x000000000002a740                nrf_atfifo_item_alloc
 .text.nrf_atfifo_item_put
                0x000000000002a79c       0x20 _build/nrf52840_xxaa/nrf_atfifo.c.o
                0x000000000002a79c                nrf_atfifo_item_put
 .text.nrf_atfifo_item_get
                0x000000000002a7bc       0x60 _build/nrf52840_xxaa/nrf_atfifo.c.o
                0x000000000002a7bc                nrf_atfifo_item_get
 .text.nrf_atfifo_item_free
                0x000000000002a81c       0x20 _build/nrf52840_xxaa/nrf_atfifo.c.o
                0x000000000002a81c                nrf_atfifo_item_free
 .text.nrf_atflags_set
                0x000000000002a83c       0x14 _build/nrf52840_xxaa/nrf_atflags.c.o
                0x000000000002a83c                nrf_atflags_set
 .text.nrf_atflags_fetch_set
                0x000000000002a850       0x1c _build/nrf52840_xxaa/nrf_atflags.c.o
                0x000000000002a850                nrf_atflags_fetch_set
 .text.nrf_atflags_clear
                0x000000000002a86c       0x14 _build/nrf52840_xxaa/nrf_atflags.c.o
                0x000000000002a86c                nrf_atflags_clear
 .text.nrf_atflags_get
                0x000000000002a880       0x14 _build/nrf52840_xxaa/nrf_atflags.c.o
                0x000000000002a880                nrf_atflags_get
 .text.nrf_atflags_find_and_set_flag
                0x000000000002a894       0x94 _build/nrf52840_xxaa/nrf_atflags.c.o
                0x000000000002a894                nrf_atflags_find_and_set_flag
 .text.nrf_atomic_u32_fetch_store
                0x000000000002a928       0x1c _build/nrf52840_xxaa/nrf_atomic.c.o
                0x000000000002a928                nrf_atomic_u32_fetch_store
 .text.nrf_atomic_u32_fetch_or
                0x000000000002a944       0x1c _build/nrf52840_xxaa/nrf_atomic.c.o
                0x000000000002a944                nrf_atomic_u32_fetch_or
 .text.nrf_atomic_u32_or
                0x000000000002a960       0x1c _build/nrf52840_xxaa/nrf_atomic.c.o
                0x000000000002a960                nrf_atomic_u32_or
 .text.nrf_atomic_u32_and
                0x000000000002a97c       0x1c _build/nrf52840_xxaa/nrf_atomic.c.o
                0x000000000002a97c                nrf_atomic_u32_and
 .text.nrf_atomic_u32_fetch_add
                0x000000000002a998       0x1c _build/nrf52840_xxaa/nrf_atomic.c.o
                0x000000000002a998                nrf_atomic_u32_fetch_add
 .text.nrf_atomic_u32_add
                0x000000000002a9b4       0x1c _build/nrf52840_xxaa/nrf_atomic.c.o
                0x000000000002a9b4                nrf_atomic_u32_add
 .text.nrf_atomic_u32_sub
                0x000000000002a9d0       0x1c _build/nrf52840_xxaa/nrf_atomic.c.o
                0x000000000002a9d0                nrf_atomic_u32_sub
 .text.nrf_atomic_flag_set_fetch
                0x000000000002a9ec       0x20 _build/nrf52840_xxaa/nrf_atomic.c.o
                0x000000000002a9ec                nrf_atomic_flag_set_fetch
 .text.nrf_atomic_flag_set
                0x000000000002aa0c       0x20 _build/nrf52840_xxaa/nrf_atomic.c.o
                0x000000000002aa0c                nrf_atomic_flag_set
 .text.nrf_atomic_flag_clear_fetch
                0x000000000002aa2c       0x20 _build/nrf52840_xxaa/nrf_atomic.c.o
                0x000000000002aa2c                nrf_atomic_flag_clear_fetch
 .text.nrf_balloc_init
                0x000000000002aa4c       0x38 _build/nrf52840_xxaa/nrf_balloc.c.o
                0x000000000002aa4c                nrf_balloc_init
 .text.nrf_balloc_alloc
                0x000000000002aa84       0x50 _build/nrf52840_xxaa/nrf_balloc.c.o
                0x000000000002aa84                nrf_balloc_alloc
 .text.nrf_balloc_free
                0x000000000002aad4       0x38 _build/nrf52840_xxaa/nrf_balloc.c.o
                0x000000000002aad4                nrf_balloc_free
 .text.nrf_fprintf_buffer_flush
                0x000000000002ab0c       0x18 _build/nrf52840_xxaa/nrf_fprintf.c.o
                0x000000000002ab0c                nrf_fprintf_buffer_flush
 .text.nrf_fprintf
                0x000000000002ab24       0x20 _build/nrf52840_xxaa/nrf_fprintf.c.o
                0x000000000002ab24                nrf_fprintf
 .text.unsigned_print
                0x000000000002ab44      0x14c _build/nrf52840_xxaa/nrf_fprintf_format.c.o
 .text.nrf_fprintf_fmt
                0x000000000002ac90      0x5cc _build/nrf52840_xxaa/nrf_fprintf_format.c.o
                0x000000000002ac90                nrf_fprintf_fmt
 .text.nrf_fstorage_init
                0x000000000002b25c       0x5c _build/nrf52840_xxaa/nrf_fstorage.c.o
                0x000000000002b25c                nrf_fstorage_init
 .text.nrf_fstorage_write
                0x000000000002b2b8      0x13c _build/nrf52840_xxaa/nrf_fstorage.c.o
                0x000000000002b2b8                nrf_fstorage_write
 .text.nrf_fstorage_erase
                0x000000000002b3f4       0xf4 _build/nrf52840_xxaa/nrf_fstorage.c.o
                0x000000000002b3f4                nrf_fstorage_erase
 .text.sd_flash_write
                0x000000000002b4e8        0x4 _build/nrf52840_xxaa/nrf_fstorage_sd.c.o
 .text.sd_flash_page_erase
                0x000000000002b4ec        0x4 _build/nrf52840_xxaa/nrf_fstorage_sd.c.o
 .text.rmap     0x000000000002b4f0        0x4 _build/nrf52840_xxaa/nrf_fstorage_sd.c.o
 .text.wmap     0x000000000002b4f4        0x4 _build/nrf52840_xxaa/nrf_fstorage_sd.c.o
 .text.is_busy  0x000000000002b4f8       0x10 _build/nrf52840_xxaa/nrf_fstorage_sd.c.o
 .text.nrf_fstorage_sdh_req_handler
                0x000000000002b508       0x14 _build/nrf52840_xxaa/nrf_fstorage_sd.c.o
                0x000000000002b508                nrf_fstorage_sdh_req_handler
 .text.read     0x000000000002b51c       0x10 _build/nrf52840_xxaa/nrf_fstorage_sd.c.o
 .text.uninit   0x000000000002b52c       0x20 _build/nrf52840_xxaa/nrf_fstorage_sd.c.o
 .text.init     0x000000000002b54c       0x3c _build/nrf52840_xxaa/nrf_fstorage_sd.c.o
 .text.queue_process
                0x000000000002b588       0xf8 _build/nrf52840_xxaa/nrf_fstorage_sd.c.o
 .text.nrf_fstorage_sys_evt_handler
                0x000000000002b680       0xe8 _build/nrf52840_xxaa/nrf_fstorage_sd.c.o
                0x000000000002b680                nrf_fstorage_sys_evt_handler
 .text.write    0x000000000002b768       0x7c _build/nrf52840_xxaa/nrf_fstorage_sd.c.o
 .text.erase    0x000000000002b7e4       0x78 _build/nrf52840_xxaa/nrf_fstorage_sd.c.o
 .text.nrf_fstorage_sdh_state_handler
                0x000000000002b85c      0x10c _build/nrf52840_xxaa/nrf_fstorage_sd.c.o
                0x000000000002b85c                nrf_fstorage_sdh_state_handler
 .text.nrf_memobj_pool_init
                0x000000000002b968        0x4 _build/nrf52840_xxaa/nrf_memobj.c.o
                0x000000000002b968                nrf_memobj_pool_init
 .text.nrf_memobj_alloc
                0x000000000002b96c       0x94 _build/nrf52840_xxaa/nrf_memobj.c.o
                0x000000000002b96c                nrf_memobj_alloc
 .text.nrf_memobj_get
                0x000000000002ba00        0x8 _build/nrf52840_xxaa/nrf_memobj.c.o
                0x000000000002ba00                nrf_memobj_get
 .text.nrf_memobj_put
                0x000000000002ba08       0x58 _build/nrf52840_xxaa/nrf_memobj.c.o
                0x000000000002ba08                nrf_memobj_put
 .text.nrf_memobj_write
                0x000000000002ba60       0x68 _build/nrf52840_xxaa/nrf_memobj.c.o
                0x000000000002ba60                nrf_memobj_write
 .text.nrf_memobj_read
                0x000000000002bac8       0x68 _build/nrf52840_xxaa/nrf_memobj.c.o
                0x000000000002bac8                nrf_memobj_read
 .text.sd_app_evt_wait
                0x000000000002bb30        0x4 _build/nrf52840_xxaa/nrf_pwr_mgmt.c.o
 .text.nrf_pwr_mgmt_init
                0x000000000002bb34       0x2c _build/nrf52840_xxaa/nrf_pwr_mgmt.c.o
                0x000000000002bb34                nrf_pwr_mgmt_init
 .text.nrf_pwr_mgmt_run
                0x000000000002bb60       0x54 _build/nrf52840_xxaa/nrf_pwr_mgmt.c.o
                0x000000000002bb60                nrf_pwr_mgmt_run
 .text.nrf_ringbuf_init
                0x000000000002bbb4       0x1c _build/nrf52840_xxaa/nrf_ringbuf.c.o
                0x000000000002bbb4                nrf_ringbuf_init
 .text.nrf_section_iter_init
                0x000000000002bbd0       0x14 _build/nrf52840_xxaa/nrf_section_iter.c.o
                0x000000000002bbd0                nrf_section_iter_init
 .text.nrf_section_iter_next
                0x000000000002bbe4       0x18 _build/nrf52840_xxaa/nrf_section_iter.c.o
                0x000000000002bbe4                nrf_section_iter_next
 .text.nrf_sortlist_add
                0x000000000002bbfc       0x28 _build/nrf52840_xxaa/nrf_sortlist.c.o
                0x000000000002bbfc                nrf_sortlist_add
 .text.nrf_sortlist_pop
                0x000000000002bc24        0xc _build/nrf52840_xxaa/nrf_sortlist.c.o
                0x000000000002bc24                nrf_sortlist_pop
 .text.nrf_sortlist_peek
                0x000000000002bc30        0x8 _build/nrf52840_xxaa/nrf_sortlist.c.o
                0x000000000002bc30                nrf_sortlist_peek
 .text.nrf_sortlist_remove
                0x000000000002bc38       0x1c _build/nrf52840_xxaa/nrf_sortlist.c.o
                0x000000000002bc38                nrf_sortlist_remove
 .text.nrf_strerror_get
                0x000000000002bc54       0x50 _build/nrf52840_xxaa/nrf_strerror.c.o
                0x000000000002bc54                nrf_strerror_get
 .text.SystemInit
                0x000000000002bca4      0x1c4 _build/nrf52840_xxaa/system_nrf52840.c.o
                0x000000000002bca4                SystemInit
 .text.bsp_board_led_state_get
                0x000000000002be68       0x28 _build/nrf52840_xxaa/boards.c.o
                0x000000000002be68                bsp_board_led_state_get
 .text.bsp_board_led_on
                0x000000000002be90       0x24 _build/nrf52840_xxaa/boards.c.o
                0x000000000002be90                bsp_board_led_on
 .text.bsp_board_led_off
                0x000000000002beb4       0x24 _build/nrf52840_xxaa/boards.c.o
                0x000000000002beb4                bsp_board_led_off
 .text.bsp_board_leds_off
                0x000000000002bed8       0x2c _build/nrf52840_xxaa/boards.c.o
                0x000000000002bed8                bsp_board_leds_off
 .text.bsp_board_leds_on
                0x000000000002bf04       0x2c _build/nrf52840_xxaa/boards.c.o
                0x000000000002bf04                bsp_board_leds_on
 .text.bsp_board_led_invert
                0x000000000002bf30       0x34 _build/nrf52840_xxaa/boards.c.o
                0x000000000002bf30                bsp_board_led_invert
 .text.bsp_board_button_state_get
                0x000000000002bf64       0x28 _build/nrf52840_xxaa/boards.c.o
                0x000000000002bf64                bsp_board_button_state_get
 .text.bsp_board_pin_to_button_idx
                0x000000000002bf8c       0x24 _build/nrf52840_xxaa/boards.c.o
                0x000000000002bf8c                bsp_board_pin_to_button_idx
 .text.bsp_board_button_idx_to_pin
                0x000000000002bfb0        0xc _build/nrf52840_xxaa/boards.c.o
                0x000000000002bfb0                bsp_board_button_idx_to_pin
 .text.bsp_board_init
                0x000000000002bfbc       0x5c _build/nrf52840_xxaa/boards.c.o
                0x000000000002bfbc                bsp_board_init
 .text.clock_irq_handler
                0x000000000002c018       0x44 _build/nrf52840_xxaa/nrf_drv_clock.c.o
 .text.soc_evt_handler
                0x000000000002c05c       0x28 _build/nrf52840_xxaa/nrf_drv_clock.c.o
 .text.sd_state_evt_handler
                0x000000000002c084       0xa8 _build/nrf52840_xxaa/nrf_drv_clock.c.o
 .text.uarte_evt_handler
                0x000000000002c12c       0x34 _build/nrf52840_xxaa/nrf_drv_uart.c.o
 .text.uart_evt_handler
                0x000000000002c160       0x34 _build/nrf52840_xxaa/nrf_drv_uart.c.o
 .text.nrf_drv_uart_init
                0x000000000002c194       0x88 _build/nrf52840_xxaa/nrf_drv_uart.c.o
                0x000000000002c194                nrf_drv_uart_init
 .text.nrfx_clock_init
                0x000000000002c21c       0x18 _build/nrf52840_xxaa/nrfx_clock.c.o
                0x000000000002c21c                nrfx_clock_init
 .text.nrfx_clock_enable
                0x000000000002c234       0x24 _build/nrf52840_xxaa/nrfx_clock.c.o
                0x000000000002c234                nrfx_clock_enable
 .text.nrfx_clock_lfclk_stop
                0x000000000002c258       0x18 _build/nrf52840_xxaa/nrfx_clock.c.o
                0x000000000002c258                nrfx_clock_lfclk_stop
 .text.POWER_CLOCK_IRQHandler
                0x000000000002c270       0x6c _build/nrf52840_xxaa/nrfx_clock.c.o
                0x000000000002c270                POWER_CLOCK_IRQHandler
 .text.nrfx_gpiote_init
                0x000000000002c2dc       0x9c _build/nrf52840_xxaa/nrfx_gpiote.c.o
                0x000000000002c2dc                nrfx_gpiote_init
 .text.nrfx_gpiote_is_init
                0x000000000002c378       0x14 _build/nrf52840_xxaa/nrfx_gpiote.c.o
                0x000000000002c378                nrfx_gpiote_is_init
 .text.nrfx_gpiote_in_init
                0x000000000002c38c      0x1e4 _build/nrf52840_xxaa/nrfx_gpiote.c.o
                0x000000000002c38c                nrfx_gpiote_in_init
 .text.nrfx_gpiote_in_event_enable
                0x000000000002c570       0xd8 _build/nrf52840_xxaa/nrfx_gpiote.c.o
                0x000000000002c570                nrfx_gpiote_in_event_enable
 .text.nrfx_gpiote_in_is_set
                0x000000000002c648       0x20 _build/nrf52840_xxaa/nrfx_gpiote.c.o
                0x000000000002c648                nrfx_gpiote_in_is_set
 .text.GPIOTE_IRQHandler
                0x000000000002c668      0x5a0 _build/nrf52840_xxaa/nrfx_gpiote.c.o
                0x000000000002c668                GPIOTE_IRQHandler
 .text.UARTE0_UART0_IRQHandler
                0x000000000002cc08        0xc _build/nrf52840_xxaa/nrfx_prs.c.o
                0x000000000002cc08                UARTE0_UART0_IRQHandler
 .text.nrfx_prs_acquire
                0x000000000002cc14       0x50 _build/nrf52840_xxaa/nrfx_prs.c.o
                0x000000000002cc14                nrfx_prs_acquire
 .text.nrfx_prs_release
                0x000000000002cc64       0x18 _build/nrf52840_xxaa/nrfx_prs.c.o
                0x000000000002cc64                nrfx_prs_release
 .text.nrfx_uart_0_irq_handler
                0x000000000002cc7c      0x1c4 _build/nrf52840_xxaa/nrfx_uart.c.o
                0x000000000002cc7c                nrfx_uart_0_irq_handler
 .text.nrfx_uart_init
                0x000000000002ce40      0x1e8 _build/nrf52840_xxaa/nrfx_uart.c.o
                0x000000000002ce40                nrfx_uart_init
 .text.nrfx_uart_uninit
                0x000000000002d028       0xfc _build/nrf52840_xxaa/nrfx_uart.c.o
                0x000000000002d028                nrfx_uart_uninit
 .text.nrfx_uart_tx
                0x000000000002d124       0xd0 _build/nrf52840_xxaa/nrfx_uart.c.o
                0x000000000002d124                nrfx_uart_tx
 .text.nrfx_uarte_0_irq_handler
                0x000000000002d1f4      0x168 _build/nrf52840_xxaa/nrfx_uarte.c.o
                0x000000000002d1f4                nrfx_uarte_0_irq_handler
 .text.nrfx_uarte_init
                0x000000000002d35c      0x220 _build/nrf52840_xxaa/nrfx_uarte.c.o
                0x000000000002d35c                nrfx_uarte_init
 .text.nrfx_uarte_uninit
                0x000000000002d57c      0x138 _build/nrf52840_xxaa/nrfx_uarte.c.o
                0x000000000002d57c                nrfx_uarte_uninit
 .text.nrfx_uarte_tx
                0x000000000002d6b4       0xb4 _build/nrf52840_xxaa/nrfx_uarte.c.o
                0x000000000002d6b4                nrfx_uarte_tx
 .text.alert_timer_handler
                0x000000000002d768        0x8 _build/nrf52840_xxaa/bsp.c.o
 .text.bsp_button_event_handler
                0x000000000002d770       0xa4 _build/nrf52840_xxaa/bsp.c.o
 .text.button_timer_handler
                0x000000000002d814       0x30 _build/nrf52840_xxaa/bsp.c.o
 .text.bsp_led_indication
                0x000000000002d844      0x318 _build/nrf52840_xxaa/bsp.c.o
 .text.leds_timer_handler
                0x000000000002db5c       0x1c _build/nrf52840_xxaa/bsp.c.o
 .text.bsp_button_is_pressed
                0x000000000002db78        0xc _build/nrf52840_xxaa/bsp.c.o
                0x000000000002db78                bsp_button_is_pressed
 .text.bsp_indication_set
                0x000000000002db84       0x18 _build/nrf52840_xxaa/bsp.c.o
                0x000000000002db84                bsp_indication_set
 .text.bsp_init
                0x000000000002db9c       0xbc _build/nrf52840_xxaa/bsp.c.o
                0x000000000002db9c                bsp_init
 .text.bsp_event_to_button_action_assign
                0x000000000002dc58       0x54 _build/nrf52840_xxaa/bsp.c.o
                0x000000000002dc58                bsp_event_to_button_action_assign
 .text.bsp_wakeup_button_enable
                0x000000000002dcac       0x40 _build/nrf52840_xxaa/bsp.c.o
                0x000000000002dcac                bsp_wakeup_button_enable
 .text.ble_evt_handler
                0x000000000002dcec       0xac _build/nrf52840_xxaa/bsp_btn_ble.c.o
 .text.bsp_btn_ble_sleep_mode_prepare
                0x000000000002dd98       0x24 _build/nrf52840_xxaa/bsp_btn_ble.c.o
                0x000000000002dd98                bsp_btn_ble_sleep_mode_prepare
 .text.bsp_btn_ble_init
                0x000000000002ddbc       0x6c _build/nrf52840_xxaa/bsp_btn_ble.c.o
                0x000000000002ddbc                bsp_btn_ble_init
 .text.sd_ble_gap_disconnect
                0x000000000002de28        0x4 _build/nrf52840_xxaa/main.c.o
 .text.sd_ble_gap_ppcp_set
                0x000000000002de2c        0x4 _build/nrf52840_xxaa/main.c.o
 .text.sd_ble_gap_device_name_set
                0x000000000002de30        0x4 _build/nrf52840_xxaa/main.c.o
 .text.sd_ble_gap_phy_update
                0x000000000002de34        0x4 _build/nrf52840_xxaa/main.c.o
 .text.sd_power_system_off
                0x000000000002de38        0x4 _build/nrf52840_xxaa/main.c.o
 .text.nrf_qwr_error_handler
                0x000000000002de3c        0x4 _build/nrf52840_xxaa/main.c.o
 .text.ble_evt_handler
                0x000000000002de40       0xac _build/nrf52840_xxaa/main.c.o
 .text.on_conn_params_evt
                0x000000000002deec       0x24 _build/nrf52840_xxaa/main.c.o
 .text.bsp_event_handler
                0x000000000002df10       0x70 _build/nrf52840_xxaa/main.c.o
 .text.conn_params_error_handler
                0x000000000002df80        0x4 _build/nrf52840_xxaa/main.c.o
 .text.pm_evt_handler
                0x000000000002df84       0x30 _build/nrf52840_xxaa/main.c.o
 .text.on_adv_evt
                0x000000000002dfb4       0x60 _build/nrf52840_xxaa/main.c.o
 .text.startup.main
                0x000000000002e014      0x2b0 _build/nrf52840_xxaa/main.c.o
                0x000000000002e014                main
 .text.sd_ble_gap_addr_get
                0x000000000002e2c4        0x4 _build/nrf52840_xxaa/ble_advdata.c.o
 .text.sd_ble_gap_appearance_get
                0x000000000002e2c8        0x4 _build/nrf52840_xxaa/ble_advdata.c.o
 .text.sd_ble_gap_device_name_get
                0x000000000002e2cc        0x4 _build/nrf52840_xxaa/ble_advdata.c.o
 .text.sd_ble_uuid_encode
                0x000000000002e2d0        0x4 _build/nrf52840_xxaa/ble_advdata.c.o
 .text.uuid_list_sized_encode.isra.0
                0x000000000002e2d4       0xf0 _build/nrf52840_xxaa/ble_advdata.c.o
 .text.ble_advdata_encode
                0x000000000002e3c4      0x40c _build/nrf52840_xxaa/ble_advdata.c.o
                0x000000000002e3c4                ble_advdata_encode
 .text.ble_advdata_parse
                0x000000000002e7d0       0x58 _build/nrf52840_xxaa/ble_advdata.c.o
                0x000000000002e7d0                ble_advdata_parse
 .text.sd_ble_gap_adv_set_configure
                0x000000000002e828        0x4 _build/nrf52840_xxaa/ble_advertising.c.o
 .text.sd_ble_gap_adv_start
                0x000000000002e82c        0x4 _build/nrf52840_xxaa/ble_advertising.c.o
 .text.sd_ble_gap_adv_stop
                0x000000000002e830        0x4 _build/nrf52840_xxaa/ble_advertising.c.o
 .text.ble_advertising_start.part.0
                0x000000000002e834      0x2f0 _build/nrf52840_xxaa/ble_advertising.c.o
 .text.ble_advertising_conn_cfg_tag_set
                0x000000000002eb24        0x8 _build/nrf52840_xxaa/ble_advertising.c.o
                0x000000000002eb24                ble_advertising_conn_cfg_tag_set
 .text.ble_advertising_init
                0x000000000002eb2c       0xf8 _build/nrf52840_xxaa/ble_advertising.c.o
                0x000000000002eb2c                ble_advertising_init
 .text.ble_advertising_start
                0x000000000002ec24        0xc _build/nrf52840_xxaa/ble_advertising.c.o
                0x000000000002ec24                ble_advertising_start
 .text.ble_advertising_on_ble_evt
                0x000000000002ec30       0x8c _build/nrf52840_xxaa/ble_advertising.c.o
                0x000000000002ec30                ble_advertising_on_ble_evt
 .text.ble_advertising_restart_without_whitelist
                0x000000000002ecbc       0x60 _build/nrf52840_xxaa/ble_advertising.c.o
                0x000000000002ecbc                ble_advertising_restart_without_whitelist
 .text.sd_ble_gap_conn_param_update
                0x000000000002ed1c        0x4 _build/nrf52840_xxaa/ble_conn_params.c.o
 .text.sd_ble_gap_disconnect
                0x000000000002ed20        0x4 _build/nrf52840_xxaa/ble_conn_params.c.o
 .text.sd_ble_gap_ppcp_set
                0x000000000002ed24        0x4 _build/nrf52840_xxaa/ble_conn_params.c.o
 .text.sd_ble_gap_ppcp_get
                0x000000000002ed28        0x4 _build/nrf52840_xxaa/ble_conn_params.c.o
 .text.update_timeout_handler
                0x000000000002ed2c       0x78 _build/nrf52840_xxaa/ble_conn_params.c.o
 .text.ble_evt_handler
                0x000000000002eda4      0x1d4 _build/nrf52840_xxaa/ble_conn_params.c.o
 .text.ble_conn_params_init
                0x000000000002ef78       0x78 _build/nrf52840_xxaa/ble_conn_params.c.o
                0x000000000002ef78                ble_conn_params_init
 .text.ble_evt_handler
                0x000000000002eff0      0x160 _build/nrf52840_xxaa/ble_conn_state.c.o
 .text.ble_conn_state_valid
                0x000000000002f150       0x14 _build/nrf52840_xxaa/ble_conn_state.c.o
                0x000000000002f150                ble_conn_state_valid
 .text.ble_conn_state_role
                0x000000000002f164       0x34 _build/nrf52840_xxaa/ble_conn_state.c.o
                0x000000000002f164                ble_conn_state_role
 .text.ble_conn_state_status
                0x000000000002f198       0x34 _build/nrf52840_xxaa/ble_conn_state.c.o
                0x000000000002f198                ble_conn_state_status
 .text.ble_conn_state_encrypted
                0x000000000002f1cc       0x30 _build/nrf52840_xxaa/ble_conn_state.c.o
                0x000000000002f1cc                ble_conn_state_encrypted
 .text.ble_conn_state_mitm_protected
                0x000000000002f1fc       0x30 _build/nrf52840_xxaa/ble_conn_state.c.o
                0x000000000002f1fc                ble_conn_state_mitm_protected
 .text.ble_conn_state_lesc
                0x000000000002f22c       0x30 _build/nrf52840_xxaa/ble_conn_state.c.o
                0x000000000002f22c                ble_conn_state_lesc
 .text.ble_conn_state_user_flag_acquire
                0x000000000002f25c       0x14 _build/nrf52840_xxaa/ble_conn_state.c.o
                0x000000000002f25c                ble_conn_state_user_flag_acquire
 .text.ble_conn_state_user_flag_get
                0x000000000002f270       0x38 _build/nrf52840_xxaa/ble_conn_state.c.o
                0x000000000002f270                ble_conn_state_user_flag_get
 .text.ble_conn_state_user_flag_set
                0x000000000002f2a8       0x44 _build/nrf52840_xxaa/ble_conn_state.c.o
                0x000000000002f2a8                ble_conn_state_user_flag_set
 .text.ble_conn_state_for_each_set_user_flag
                0x000000000002f2ec       0x5c _build/nrf52840_xxaa/ble_conn_state.c.o
                0x000000000002f2ec                ble_conn_state_for_each_set_user_flag
 .text.ble_srv_is_notification_enabled
                0x000000000002f348        0x8 _build/nrf52840_xxaa/ble_srv_common.c.o
                0x000000000002f348                ble_srv_is_notification_enabled
 .text.sd_ble_gattc_char_value_by_uuid_read
                0x000000000002f350        0x4 _build/nrf52840_xxaa/gatt_cache_manager.c.o
 .text.sd_ble_gattc_read
                0x000000000002f354        0x4 _build/nrf52840_xxaa/gatt_cache_manager.c.o
 .text.sd_ble_gatts_value_get
                0x000000000002f358        0x4 _build/nrf52840_xxaa/gatt_cache_manager.c.o
 .text.sd_ble_gatts_initial_user_handle_get
                0x000000000002f35c        0x4 _build/nrf52840_xxaa/gatt_cache_manager.c.o
 .text.sd_ble_gatts_attr_get
                0x000000000002f360        0x4 _build/nrf52840_xxaa/gatt_cache_manager.c.o
 .text.car_update_pending_handle
                0x000000000002f364       0x4c _build/nrf52840_xxaa/gatt_cache_manager.c.o
 .text.db_update_pending_handle
                0x000000000002f3b0       0xfc _build/nrf52840_xxaa/gatt_cache_manager.c.o
 .text.local_db_apply_in_evt
                0x000000000002f4ac       0xfc _build/nrf52840_xxaa/gatt_cache_manager.c.o
 .text.sc_send_pending_handle
                0x000000000002f5a8      0x17c _build/nrf52840_xxaa/gatt_cache_manager.c.o
 .text.apply_pending_handle
                0x000000000002f724       0xfc _build/nrf52840_xxaa/gatt_cache_manager.c.o
 .text.gcm_im_evt_handler
                0x000000000002f820       0x84 _build/nrf52840_xxaa/gatt_cache_manager.c.o
                0x000000000002f820                gcm_im_evt_handler
 .text.gcm_pdb_evt_handler
                0x000000000002f8a4       0xec _build/nrf52840_xxaa/gatt_cache_manager.c.o
                0x000000000002f8a4                gcm_pdb_evt_handler
 .text.gcm_init
                0x000000000002f990       0xc4 _build/nrf52840_xxaa/gatt_cache_manager.c.o
                0x000000000002f990                gcm_init
 .text.gcm_ble_evt_handler
                0x000000000002fa54      0x2ec _build/nrf52840_xxaa/gatt_cache_manager.c.o
                0x000000000002fa54                gcm_ble_evt_handler
 .text.sd_ble_gatts_service_changed
                0x000000000002fd40        0x4 _build/nrf52840_xxaa/gatts_cache_manager.c.o
 .text.sd_ble_gatts_sys_attr_set
                0x000000000002fd44        0x4 _build/nrf52840_xxaa/gatts_cache_manager.c.o
 .text.sd_ble_gatts_sys_attr_get
                0x000000000002fd48        0x4 _build/nrf52840_xxaa/gatts_cache_manager.c.o
 .text.sd_ble_gatts_initial_user_handle_get
                0x000000000002fd4c        0x4 _build/nrf52840_xxaa/gatts_cache_manager.c.o
 .text.service_changed_pending_set
                0x000000000002fd50       0xac _build/nrf52840_xxaa/gatts_cache_manager.c.o
 .text.gscm_pdb_evt_handler
                0x000000000002fdfc       0x18 _build/nrf52840_xxaa/gatts_cache_manager.c.o
                0x000000000002fdfc                gscm_pdb_evt_handler
 .text.gscm_init
                0x000000000002fe14       0x10 _build/nrf52840_xxaa/gatts_cache_manager.c.o
                0x000000000002fe14                gscm_init
 .text.gscm_local_db_cache_update
                0x000000000002fe24       0xe0 _build/nrf52840_xxaa/gatts_cache_manager.c.o
                0x000000000002fe24                gscm_local_db_cache_update
 .text.gscm_local_db_cache_apply
                0x000000000002ff04       0xb4 _build/nrf52840_xxaa/gatts_cache_manager.c.o
                0x000000000002ff04                gscm_local_db_cache_apply
 .text.gscm_service_changed_ind_needed
                0x000000000002ffb8       0x2c _build/nrf52840_xxaa/gatts_cache_manager.c.o
                0x000000000002ffb8                gscm_service_changed_ind_needed
 .text.gscm_service_changed_ind_send
                0x000000000002ffe4       0x5c _build/nrf52840_xxaa/gatts_cache_manager.c.o
                0x000000000002ffe4                gscm_service_changed_ind_send
 .text.gscm_db_change_notification_done
                0x0000000000030040       0x24 _build/nrf52840_xxaa/gatts_cache_manager.c.o
                0x0000000000030040                gscm_db_change_notification_done
 .text.sd_ecb_block_encrypt
                0x0000000000030064        0x4 _build/nrf52840_xxaa/id_manager.c.o
 .text.im_ble_evt_handler
                0x0000000000030068      0x1d8 _build/nrf52840_xxaa/id_manager.c.o
                0x0000000000030068                im_ble_evt_handler
 .text.im_is_duplicate_bonding_data
                0x0000000000030240      0x11c _build/nrf52840_xxaa/id_manager.c.o
                0x0000000000030240                im_is_duplicate_bonding_data
 .text.im_find_duplicate_bonding_data
                0x000000000003035c       0x40 _build/nrf52840_xxaa/id_manager.c.o
                0x000000000003035c                im_find_duplicate_bonding_data
 .text.im_peer_id_get_by_conn_handle
                0x000000000003039c       0x2c _build/nrf52840_xxaa/id_manager.c.o
                0x000000000003039c                im_peer_id_get_by_conn_handle
 .text.im_ble_addr_get
                0x00000000000303c8       0x3c _build/nrf52840_xxaa/id_manager.c.o
                0x00000000000303c8                im_ble_addr_get
 .text.im_master_ids_compare
                0x0000000000030404       0x44 _build/nrf52840_xxaa/id_manager.c.o
                0x0000000000030404                im_master_ids_compare
 .text.im_peer_id_get_by_master_id
                0x0000000000030448       0xf4 _build/nrf52840_xxaa/id_manager.c.o
                0x0000000000030448                im_peer_id_get_by_master_id
 .text.im_conn_handle_get
                0x000000000003053c       0x40 _build/nrf52840_xxaa/id_manager.c.o
                0x000000000003053c                im_conn_handle_get
 .text.im_new_peer_id
                0x000000000003057c       0x14 _build/nrf52840_xxaa/id_manager.c.o
                0x000000000003057c                im_new_peer_id
 .text.im_peer_free
                0x0000000000030590       0x54 _build/nrf52840_xxaa/id_manager.c.o
                0x0000000000030590                im_peer_free
 .text.sd_ble_gap_data_length_update
                0x00000000000305e4        0x4 _build/nrf52840_xxaa/nrf_ble_gatt.c.o
 .text.sd_ble_gattc_exchange_mtu_request
                0x00000000000305e8        0x4 _build/nrf52840_xxaa/nrf_ble_gatt.c.o
 .text.sd_ble_gatts_exchange_mtu_reply
                0x00000000000305ec        0x4 _build/nrf52840_xxaa/nrf_ble_gatt.c.o
 .text.data_length_update.constprop.0
                0x00000000000305f0       0x8c _build/nrf52840_xxaa/nrf_ble_gatt.c.o
 .text.nrf_ble_gatt_init
                0x000000000003067c       0x28 _build/nrf52840_xxaa/nrf_ble_gatt.c.o
                0x000000000003067c                nrf_ble_gatt_init
 .text.nrf_ble_gatt_on_ble_evt
                0x00000000000306a4      0x1c8 _build/nrf52840_xxaa/nrf_ble_gatt.c.o
                0x00000000000306a4                nrf_ble_gatt_on_ble_evt
 .text.sd_ble_gatts_rw_authorize_reply
                0x000000000003086c        0x4 _build/nrf52840_xxaa/nrf_ble_qwr.c.o
 .text.sd_ble_user_mem_reply
                0x0000000000030870        0x4 _build/nrf52840_xxaa/nrf_ble_qwr.c.o
 .text.nrf_ble_qwr_init
                0x0000000000030874       0x24 _build/nrf52840_xxaa/nrf_ble_qwr.c.o
                0x0000000000030874                nrf_ble_qwr_init
 .text.nrf_ble_qwr_conn_handle_assign
                0x0000000000030898       0x18 _build/nrf52840_xxaa/nrf_ble_qwr.c.o
                0x0000000000030898                nrf_ble_qwr_conn_handle_assign
 .text.nrf_ble_qwr_on_ble_evt
                0x00000000000308b0       0xf4 _build/nrf52840_xxaa/nrf_ble_qwr.c.o
                0x00000000000308b0                nrf_ble_qwr_on_ble_evt
 .text.peer_data_delete_process
                0x00000000000309a4       0xc8 _build/nrf52840_xxaa/peer_data_storage.c.o
 .text.fds_evt_handler
                0x0000000000030a6c      0x100 _build/nrf52840_xxaa/peer_data_storage.c.o
 .text.pds_init
                0x0000000000030b6c       0xac _build/nrf52840_xxaa/peer_data_storage.c.o
                0x0000000000030b6c                pds_init
 .text.pds_peer_data_read
                0x0000000000030c18       0x90 _build/nrf52840_xxaa/peer_data_storage.c.o
                0x0000000000030c18                pds_peer_data_read
 .text.pds_peer_data_iterate_prepare
                0x0000000000030ca8       0x10 _build/nrf52840_xxaa/peer_data_storage.c.o
                0x0000000000030ca8                pds_peer_data_iterate_prepare
 .text.pds_peer_data_iterate
                0x0000000000030cb8       0x58 _build/nrf52840_xxaa/peer_data_storage.c.o
                0x0000000000030cb8                pds_peer_data_iterate
 .text.pds_peer_data_store
                0x0000000000030d10       0xdc _build/nrf52840_xxaa/peer_data_storage.c.o
                0x0000000000030d10                pds_peer_data_store
 .text.pds_peer_id_allocate
                0x0000000000030dec        0x8 _build/nrf52840_xxaa/peer_data_storage.c.o
                0x0000000000030dec                pds_peer_id_allocate
 .text.pds_peer_id_free
                0x0000000000030df4       0x18 _build/nrf52840_xxaa/peer_data_storage.c.o
                0x0000000000030df4                pds_peer_id_free
 .text.pds_peer_id_is_allocated
                0x0000000000030e0c        0x4 _build/nrf52840_xxaa/peer_data_storage.c.o
                0x0000000000030e0c                pds_peer_id_is_allocated
 .text.pds_next_peer_id_get
                0x0000000000030e10        0x4 _build/nrf52840_xxaa/peer_data_storage.c.o
                0x0000000000030e10                pds_next_peer_id_get
 .text.pds_next_deleted_peer_id_get
                0x0000000000030e14        0x4 _build/nrf52840_xxaa/peer_data_storage.c.o
                0x0000000000030e14                pds_next_deleted_peer_id_get
 .text.write_buf_store
                0x0000000000030e18      0x11c _build/nrf52840_xxaa/peer_database.c.o
                0x0000000000030e18                write_buf_store
 .text.pdb_pds_evt_handler
                0x0000000000030f34      0x1f0 _build/nrf52840_xxaa/peer_database.c.o
                0x0000000000030f34                pdb_pds_evt_handler
 .text.pdb_init
                0x0000000000031124       0xb8 _build/nrf52840_xxaa/peer_database.c.o
                0x0000000000031124                pdb_init
 .text.pdb_peer_free
                0x00000000000311dc      0x1a8 _build/nrf52840_xxaa/peer_database.c.o
                0x00000000000311dc                pdb_peer_free
 .text.pdb_peer_data_ptr_get
                0x0000000000031384        0x8 _build/nrf52840_xxaa/peer_database.c.o
                0x0000000000031384                pdb_peer_data_ptr_get
 .text.pdb_write_buf_get
                0x000000000003138c      0x1f0 _build/nrf52840_xxaa/peer_database.c.o
                0x000000000003138c                pdb_write_buf_get
 .text.pdb_write_buf_release
                0x000000000003157c       0xd4 _build/nrf52840_xxaa/peer_database.c.o
                0x000000000003157c                pdb_write_buf_release
 .text.pdb_write_buf_store
                0x0000000000031650       0xa0 _build/nrf52840_xxaa/peer_database.c.o
                0x0000000000031650                pdb_write_buf_store
 .text.peer_id_init
                0x00000000000316f0       0x10 _build/nrf52840_xxaa/peer_id.c.o
                0x00000000000316f0                peer_id_init
 .text.peer_id_allocate
                0x0000000000031700       0x40 _build/nrf52840_xxaa/peer_id.c.o
                0x0000000000031700                peer_id_allocate
 .text.peer_id_delete
                0x0000000000031740       0x28 _build/nrf52840_xxaa/peer_id.c.o
                0x0000000000031740                peer_id_delete
 .text.peer_id_free
                0x0000000000031768       0x28 _build/nrf52840_xxaa/peer_id.c.o
                0x0000000000031768                peer_id_free
 .text.peer_id_is_allocated
                0x0000000000031790       0x14 _build/nrf52840_xxaa/peer_id.c.o
                0x0000000000031790                peer_id_is_allocated
 .text.peer_id_get_next_used
                0x00000000000317a4       0x74 _build/nrf52840_xxaa/peer_id.c.o
                0x00000000000317a4                peer_id_get_next_used
 .text.peer_id_get_next_deleted
                0x0000000000031818       0x40 _build/nrf52840_xxaa/peer_id.c.o
                0x0000000000031818                peer_id_get_next_deleted
 .text.ble_evt_handler
                0x0000000000031858       0x24 _build/nrf52840_xxaa/peer_manager.c.o
 .text.pm_peer_ranks_get.part.0
                0x000000000003187c       0xf0 _build/nrf52840_xxaa/peer_manager.c.o
 .text.pm_pdb_evt_handler
                0x000000000003196c      0x290 _build/nrf52840_xxaa/peer_manager.c.o
                0x000000000003196c                pm_pdb_evt_handler
 .text.pm_sm_evt_handler
                0x0000000000031bfc       0x2c _build/nrf52840_xxaa/peer_manager.c.o
                0x0000000000031bfc                pm_sm_evt_handler
 .text.pm_gcm_evt_handler
                0x0000000000031c28       0x28 _build/nrf52840_xxaa/peer_manager.c.o
                0x0000000000031c28                pm_gcm_evt_handler
 .text.pm_gscm_evt_handler
                0x0000000000031c50       0x28 _build/nrf52840_xxaa/peer_manager.c.o
                0x0000000000031c50                pm_gscm_evt_handler
 .text.pm_im_evt_handler
                0x0000000000031c78       0x28 _build/nrf52840_xxaa/peer_manager.c.o
                0x0000000000031c78                pm_im_evt_handler
 .text.pm_init  0x0000000000031ca0       0xf0 _build/nrf52840_xxaa/peer_manager.c.o
                0x0000000000031ca0                pm_init
 .text.pm_register
                0x0000000000031d90       0x38 _build/nrf52840_xxaa/peer_manager.c.o
                0x0000000000031d90                pm_register
 .text.pm_sec_params_set
                0x0000000000031dc8       0x14 _build/nrf52840_xxaa/peer_manager.c.o
                0x0000000000031dc8                pm_sec_params_set
 .text.pm_conn_secure
                0x0000000000031ddc       0x1c _build/nrf52840_xxaa/peer_manager.c.o
                0x0000000000031ddc                pm_conn_secure
 .text.pm_conn_sec_status_get
                0x0000000000031df8       0x14 _build/nrf52840_xxaa/peer_manager.c.o
                0x0000000000031df8                pm_conn_sec_status_get
 .text.pm_peer_delete
                0x0000000000031e0c       0x14 _build/nrf52840_xxaa/peer_manager.c.o
                0x0000000000031e0c                pm_peer_delete
 .text.pm_peers_delete
                0x0000000000031e20       0xd4 _build/nrf52840_xxaa/peer_manager.c.o
                0x0000000000031e20                pm_peers_delete
 .text.pm_peer_ranks_get
                0x0000000000031ef4       0x1c _build/nrf52840_xxaa/peer_manager.c.o
                0x0000000000031ef4                pm_peer_ranks_get
 .text.pm_peer_rank_highest
                0x0000000000031f10      0x164 _build/nrf52840_xxaa/peer_manager.c.o
                0x0000000000031f10                pm_peer_rank_highest
 .text.sd_ble_gap_disconnect
                0x0000000000032074        0x4 _build/nrf52840_xxaa/peer_manager_handler.c.o
 .text.pm_handler_on_pm_evt
                0x0000000000032078      0x36c _build/nrf52840_xxaa/peer_manager_handler.c.o
                0x0000000000032078                pm_handler_on_pm_evt
 .text.pm_handler_flash_clean
                0x00000000000323e4      0x3b4 _build/nrf52840_xxaa/peer_manager_handler.c.o
                0x00000000000323e4                pm_handler_flash_clean
 .text.pm_buffer_init
                0x0000000000032798       0x2c _build/nrf52840_xxaa/pm_buffer.c.o
                0x0000000000032798                pm_buffer_init
 .text.pm_buffer_block_acquire
                0x00000000000327c4       0xb0 _build/nrf52840_xxaa/pm_buffer.c.o
                0x00000000000327c4                pm_buffer_block_acquire
 .text.pm_buffer_ptr_get
                0x0000000000032874       0x30 _build/nrf52840_xxaa/pm_buffer.c.o
                0x0000000000032874                pm_buffer_ptr_get
 .text.pm_buffer_release
                0x00000000000328a4       0x34 _build/nrf52840_xxaa/pm_buffer.c.o
                0x00000000000328a4                pm_buffer_release
 .text.sd_ble_gap_authenticate
                0x00000000000328d8        0x4 _build/nrf52840_xxaa/security_dispatcher.c.o
 .text.sd_ble_gap_sec_params_reply
                0x00000000000328dc        0x4 _build/nrf52840_xxaa/security_dispatcher.c.o
 .text.sd_ble_gap_sec_info_reply
                0x00000000000328e0        0x4 _build/nrf52840_xxaa/security_dispatcher.c.o
 .text.pairing_failure
                0x00000000000328e4       0xdc _build/nrf52840_xxaa/security_dispatcher.c.o
 .text.smd_init
                0x00000000000329c0       0x90 _build/nrf52840_xxaa/security_dispatcher.c.o
                0x00000000000329c0                smd_init
 .text.smd_params_reply
                0x0000000000032a50      0x198 _build/nrf52840_xxaa/security_dispatcher.c.o
                0x0000000000032a50                smd_params_reply
 .text.smd_link_secure
                0x0000000000032be8       0x2c _build/nrf52840_xxaa/security_dispatcher.c.o
                0x0000000000032be8                smd_link_secure
 .text.smd_ble_evt_handler
                0x0000000000032c14      0x6ec _build/nrf52840_xxaa/security_dispatcher.c.o
                0x0000000000032c14                smd_ble_evt_handler
 .text.events_send_from_err_code
                0x0000000000033300       0xf0 _build/nrf52840_xxaa/security_manager.c.o
 .text.smd_params_reply_perform
                0x00000000000333f0       0xa8 _build/nrf52840_xxaa/security_manager.c.o
 .text.params_reply_pending_handle
                0x0000000000033498        0x8 _build/nrf52840_xxaa/security_manager.c.o
 .text.link_secure
                0x00000000000334a0      0x154 _build/nrf52840_xxaa/security_manager.c.o
 .text.link_secure_pending_handle
                0x00000000000335f4       0x38 _build/nrf52840_xxaa/security_manager.c.o
 .text.sm_conn_sec_status_get
                0x000000000003362c       0xa8 _build/nrf52840_xxaa/security_manager.c.o
                0x000000000003362c                sm_conn_sec_status_get
 .text.sm_smd_evt_handler
                0x00000000000336d4       0x8c _build/nrf52840_xxaa/security_manager.c.o
                0x00000000000336d4                sm_smd_evt_handler
 .text.sm_pdb_evt_handler
                0x0000000000033760       0x40 _build/nrf52840_xxaa/security_manager.c.o
                0x0000000000033760                sm_pdb_evt_handler
 .text.sm_init  0x00000000000337a0       0x90 _build/nrf52840_xxaa/security_manager.c.o
                0x00000000000337a0                sm_init
 .text.sm_ble_evt_handler
                0x0000000000033830       0x34 _build/nrf52840_xxaa/security_manager.c.o
                0x0000000000033830                sm_ble_evt_handler
 .text.sm_sec_params_set
                0x0000000000033864       0x84 _build/nrf52840_xxaa/security_manager.c.o
                0x0000000000033864                sm_sec_params_set
 .text.sm_link_secure
                0x00000000000338e8      0x11c _build/nrf52840_xxaa/security_manager.c.o
                0x00000000000338e8                sm_link_secure
 .text.sd_softdevice_enable
                0x0000000000033a04        0x4 _build/nrf52840_xxaa/nrf_sdh.c.o
 .text.sd_softdevice_disable
                0x0000000000033a08        0x4 _build/nrf52840_xxaa/nrf_sdh.c.o
 .text.nrf_sdh_enable_request
                0x0000000000033a0c      0x118 _build/nrf52840_xxaa/nrf_sdh.c.o
                0x0000000000033a0c                nrf_sdh_enable_request
 .text.nrf_sdh_disable_request
                0x0000000000033b24       0xe4 _build/nrf52840_xxaa/nrf_sdh.c.o
                0x0000000000033b24                nrf_sdh_disable_request
 .text.nrf_sdh_request_continue
                0x0000000000033c08       0x20 _build/nrf52840_xxaa/nrf_sdh.c.o
                0x0000000000033c08                nrf_sdh_request_continue
 .text.nrf_sdh_is_enabled
                0x0000000000033c28        0xc _build/nrf52840_xxaa/nrf_sdh.c.o
                0x0000000000033c28                nrf_sdh_is_enabled
 .text.SWI2_EGU2_IRQHandler
                0x0000000000033c34       0x2c _build/nrf52840_xxaa/nrf_sdh.c.o
                0x0000000000033c34                SWI2_EGU2_IRQHandler
 .text.sd_ble_enable
                0x0000000000033c60        0x4 _build/nrf52840_xxaa/nrf_sdh_ble.c.o
 .text.sd_ble_cfg_set
                0x0000000000033c64        0x4 _build/nrf52840_xxaa/nrf_sdh_ble.c.o
 .text.sd_ble_evt_get
                0x0000000000033c68        0x4 _build/nrf52840_xxaa/nrf_sdh_ble.c.o
 .text.nrf_sdh_ble_evts_poll
                0x0000000000033c6c       0x5c _build/nrf52840_xxaa/nrf_sdh_ble.c.o
 .text.nrf_sdh_ble_default_cfg_set
                0x0000000000033cc8      0x178 _build/nrf52840_xxaa/nrf_sdh_ble.c.o
                0x0000000000033cc8                nrf_sdh_ble_default_cfg_set
 .text.nrf_sdh_ble_enable
                0x0000000000033e40       0xa0 _build/nrf52840_xxaa/nrf_sdh_ble.c.o
                0x0000000000033e40                nrf_sdh_ble_enable
 .text.sd_evt_get
                0x0000000000033ee0        0x4 _build/nrf52840_xxaa/nrf_sdh_soc.c.o
 .text.nrf_sdh_soc_evts_poll
                0x0000000000033ee4       0x4c _build/nrf52840_xxaa/nrf_sdh_soc.c.o
 .text.exit     0x0000000000033f30       0x28 /home/tim/bin/gcc-arm-none-eabi-9-2019-q4-major/bin/../lib/gcc/arm-none-eabi/9.2.1/../../../../arm-none-eabi/lib/thumb/v7e-m+fp/hard/libc_nano.a(lib_a-exit.o)
                0x0000000000033f30                exit
 .text.__libc_init_array
                0x0000000000033f58       0x48 /home/tim/bin/gcc-arm-none-eabi-9-2019-q4-major/bin/../lib/gcc/arm-none-eabi/9.2.1/../../../../arm-none-eabi/lib/thumb/v7e-m+fp/hard/libc_nano.a(lib_a-init.o)
                0x0000000000033f58                __libc_init_array
 .text.memcmp   0x0000000000033fa0       0x1c /home/tim/bin/gcc-arm-none-eabi-9-2019-q4-major/bin/../lib/gcc/arm-none-eabi/9.2.1/../../../../arm-none-eabi/lib/thumb/v7e-m+fp/hard/libc_nano.a(lib_a-memcmp.o)
                0x0000000000033fa0                memcmp
 .text.memcpy   0x0000000000033fbc       0x1c /home/tim/bin/gcc-arm-none-eabi-9-2019-q4-major/bin/../lib/gcc/arm-none-eabi/9.2.1/../../../../arm-none-eabi/lib/thumb/v7e-m+fp/hard/libc_nano.a(lib_a-memcpy-stub.o)
                0x0000000000033fbc                memcpy
 .text.memset   0x0000000000033fd8       0x10 /home/tim/bin/gcc-arm-none-eabi-9-2019-q4-major/bin/../lib/gcc/arm-none-eabi/9.2.1/../../../../arm-none-eabi/lib/thumb/v7e-m+fp/hard/libc_nano.a(lib_a-memset.o)
                0x0000000000033fd8                memset
 .text          0x0000000000033fe8       0x10 /home/tim/bin/gcc-arm-none-eabi-9-2019-q4-major/bin/../lib/gcc/arm-none-eabi/9.2.1/../../../../arm-none-eabi/lib/thumb/v7e-m+fp/hard/libc_nano.a(lib_a-strlen.o)
                0x0000000000033fe8                strlen
 .text._exit    0x0000000000033ff8        0x4 /home/tim/bin/gcc-arm-none-eabi-9-2019-q4-major/bin/../lib/gcc/arm-none-eabi/9.2.1/../../../../arm-none-eabi/lib/thumb/v7e-m+fp/hard/libnosys.a(_exit.o)
                0x0000000000033ff8                _exit
 .text          0x0000000000033ffc       0x30 /home/tim/bin/gcc-arm-none-eabi-9-2019-q4-major/bin/../lib/gcc/arm-none-eabi/9.2.1/thumb/v7e-m+fp/hard/libgcc.a(_aeabi_uldivmod.o)
                0x0000000000033ffc                __aeabi_uldivmod
 .text          0x000000000003402c      0x2c4 /home/tim/bin/gcc-arm-none-eabi-9-2019-q4-major/bin/../lib/gcc/arm-none-eabi/9.2.1/thumb/v7e-m+fp/hard/libgcc.a(_udivmoddi4.o)
                0x000000000003402c                __udivmoddi4
 .text          0x00000000000342f0        0x4 /home/tim/bin/gcc-arm-none-eabi-9-2019-q4-major/bin/../lib/gcc/arm-none-eabi/9.2.1/thumb/v7e-m+fp/hard/libgcc.a(_dvmd_tls.o)
                0x00000000000342f0                __aeabi_ldiv0
                0x00000000000342f0                __aeabi_idiv0
 *(.init)
 .init          0x00000000000342f4        0x4 /home/tim/bin/gcc-arm-none-eabi-9-2019-q4-major/bin/../lib/gcc/arm-none-eabi/9.2.1/thumb/v7e-m+fp/hard/crti.o
                0x00000000000342f4                _init
 .init          0x00000000000342f8        0x8 /home/tim/bin/gcc-arm-none-eabi-9-2019-q4-major/bin/../lib/gcc/arm-none-eabi/9.2.1/thumb/v7e-m+fp/hard/crtn.o
 *(.fini)
 .fini          0x0000000000034300        0x4 /home/tim/bin/gcc-arm-none-eabi-9-2019-q4-major/bin/../lib/gcc/arm-none-eabi/9.2.1/thumb/v7e-m+fp/hard/crti.o
                0x0000000000034300                _fini
 .fini          0x0000000000034304        0x8 /home/tim/bin/gcc-arm-none-eabi-9-2019-q4-major/bin/../lib/gcc/arm-none-eabi/9.2.1/thumb/v7e-m+fp/hard/crtn.o
 *crtbegin.o(.ctors)
 *crtbegin?.o(.ctors)
 *(EXCLUDE_FILE(*crtend.o *crtend?.o) .ctors)
 *(SORT_BY_NAME(.ctors.*))
 *(.ctors)
 *crtbegin.o(.dtors)
 *crtbegin?.o(.dtors)
 *(EXCLUDE_FILE(*crtend.o *crtend?.o) .dtors)
 *(SORT_BY_NAME(.dtors.*))
 *(.dtors)
 *(.rodata*)
 .rodata        0x000000000003430c       0x20 _build/nrf52840_xxaa/nrf_log_backend_uart.c.o
 .rodata.nrf_log_backend_uart_api
                0x000000000003432c        0xc _build/nrf52840_xxaa/nrf_log_backend_uart.c.o
                0x000000000003432c                nrf_log_backend_uart_api
 .rodata.str1.4
                0x0000000000034338       0x11 _build/nrf52840_xxaa/nrf_log_default_backends.c.o
 *fill*         0x0000000000034349        0x3 
 .rodata.nrf_log_frontend_dequeue.str1.4
                0x000000000003434c       0x11 _build/nrf52840_xxaa/nrf_log_frontend.c.o
 *fill*         0x000000000003435d        0x3 
 .rodata.str1.4
                0x0000000000034360        0x4 _build/nrf52840_xxaa/nrf_log_frontend.c.o
 .rodata.m_log_push_ringbuf
                0x0000000000034364        0xc _build/nrf52840_xxaa/nrf_log_frontend.c.o
 .rodata.prefix_process.str1.4
                0x0000000000034370       0x32 _build/nrf52840_xxaa/nrf_log_str_formatter.c.o
                                         0x36 (size before relaxing)
 *fill*         0x00000000000343a2        0x2 
 .rodata.nrf_log_std_entry_process.str1.4
                0x00000000000343a4        0x3 _build/nrf52840_xxaa/nrf_log_str_formatter.c.o
 *fill*         0x00000000000343a7        0x1 
 .rodata.nrf_log_hexdump_entry_process.str1.4
                0x00000000000343a8       0x13 _build/nrf52840_xxaa/nrf_log_str_formatter.c.o
                                         0x16 (size before relaxing)
 *fill*         0x00000000000343bb        0x1 
 .rodata.str1.4
                0x00000000000343bc       0x56 _build/nrf52840_xxaa/nrf_log_str_formatter.c.o
 *fill*         0x0000000000034412        0x2 
 .rodata.m_colors
                0x0000000000034414       0x24 _build/nrf52840_xxaa/nrf_log_str_formatter.c.o
 .rodata.severity_names
                0x0000000000034438       0x14 _build/nrf52840_xxaa/nrf_log_str_formatter.c.o
 .rodata.str1.4
                0x000000000003444c        0xb _build/nrf52840_xxaa/app_button.c.o
 *fill*         0x0000000000034457        0x1 
 .rodata.m_detection_delay_timer_id
                0x0000000000034458        0x4 _build/nrf52840_xxaa/app_button.c.o
 .rodata.app_error_fault_handler.str1.4
                0x000000000003445c       0x19 _build/nrf52840_xxaa/app_error_weak.c.o
 *fill*         0x0000000000034475        0x3 
 .rodata.str1.4
                0x0000000000034478        0xa _build/nrf52840_xxaa/app_timer2.c.o
 *fill*         0x0000000000034482        0x2 
 .rodata        0x0000000000034484        0x4 _build/nrf52840_xxaa/app_timer2.c.o
 .rodata.m_app_timer_sortlist
                0x0000000000034488        0xc _build/nrf52840_xxaa/app_timer2.c.o
 .rodata.drv_rtc_init.str1.4
                0x0000000000034494       0x36 _build/nrf52840_xxaa/drv_rtc.c.o
 *fill*         0x00000000000344ca        0x6 
 .rodata.delay_machine_code.8746
                0x00000000000344d0        0x6 _build/nrf52840_xxaa/drv_rtc.c.o
 *fill*         0x00000000000344d6        0x2 
 .rodata.dirty_header.9474
                0x00000000000344d8        0x4 _build/nrf52840_xxaa/fds.c.o
 .rodata.page_tag_data.9347
                0x00000000000344dc        0x8 _build/nrf52840_xxaa/fds.c.o
 .rodata.page_tag_swap.9343
                0x00000000000344e4        0x8 _build/nrf52840_xxaa/fds.c.o
 .rodata._aV2C.7806
                0x00000000000344ec       0x10 _build/nrf52840_xxaa/nrf_fprintf_format.c.o
 .rodata.nrf_fstorage_init.str1.4
                0x00000000000344fc       0x3a _build/nrf52840_xxaa/nrf_fstorage.c.o
 *fill*         0x0000000000034536        0x2 
 .rodata.nrf_fstorage_uninit.str1.4
                0x0000000000034538        0xc _build/nrf52840_xxaa/nrf_fstorage.c.o
 .rodata.nrf_fstorage_read.str1.4
                0x0000000000034544       0x4a _build/nrf52840_xxaa/nrf_fstorage.c.o
 *fill*         0x000000000003458e        0x2 
 .rodata.nrf_fstorage_write.str1.4
                0x0000000000034590       0x97 _build/nrf52840_xxaa/nrf_fstorage.c.o
 *fill*         0x0000000000034627        0x1 
 .rodata.nrf_fstorage_erase.str1.4
                0x0000000000034628       0x77 _build/nrf52840_xxaa/nrf_fstorage.c.o
 *fill*         0x000000000003469f        0x1 
 .rodata.str1.4
                0x00000000000346a0        0xd _build/nrf52840_xxaa/nrf_fstorage.c.o
 *fill*         0x00000000000346ad        0x3 
 .rodata.__func__.7978
                0x00000000000346b0       0x12 _build/nrf52840_xxaa/nrf_fstorage.c.o
 *fill*         0x00000000000346c2        0x2 
 .rodata.__func__.7999
                0x00000000000346c4       0x13 _build/nrf52840_xxaa/nrf_fstorage.c.o
 *fill*         0x00000000000346d7        0x1 
 .rodata.__func__.8006
                0x00000000000346d8       0x13 _build/nrf52840_xxaa/nrf_fstorage.c.o
 *fill*         0x00000000000346eb        0x1 
 .rodata.m_flash_info
                0x00000000000346ec        0xc _build/nrf52840_xxaa/nrf_fstorage_sd.c.o
 .rodata.nrf_fstorage_sd
                0x00000000000346f8       0x20 _build/nrf52840_xxaa/nrf_fstorage_sd.c.o
                0x00000000000346f8                nrf_fstorage_sd
 .rodata.str1.4
                0x0000000000034718        0x9 _build/nrf52840_xxaa/nrf_pwr_mgmt.c.o
 *fill*         0x0000000000034721        0x3 
 .rodata.pwr_mgmt_data
                0x0000000000034724        0xc _build/nrf52840_xxaa/nrf_pwr_mgmt.c.o
 .rodata.str1.4
                0x0000000000034730        0x9 _build/nrf52840_xxaa/nrf_sortlist.c.o
 *fill*         0x0000000000034739        0x3 
 .rodata.str1.4
                0x000000000003473c      0x3e9 _build/nrf52840_xxaa/nrf_strerror.c.o
 *fill*         0x0000000000034b25        0x3 
 .rodata.m_unknown_str
                0x0000000000034b28       0x13 _build/nrf52840_xxaa/nrf_strerror.c.o
 *fill*         0x0000000000034b3b        0x1 
 .rodata.nrf_strerror_array
                0x0000000000034b3c      0x128 _build/nrf52840_xxaa/nrf_strerror.c.o
 .rodata.m_board_btn_list
                0x0000000000034c64        0x4 _build/nrf52840_xxaa/boards.c.o
 .rodata.m_board_led_list
                0x0000000000034c68        0x4 _build/nrf52840_xxaa/boards.c.o
 .rodata.str1.4
                0x0000000000034c6c        0x6 _build/nrf52840_xxaa/nrf_drv_clock.c.o
 *fill*         0x0000000000034c72        0x2 
 .rodata.str1.4
                0x0000000000034c74        0x6 _build/nrf52840_xxaa/nrfx_clock.c.o
 *fill*         0x0000000000034c7a        0x2 
 .rodata.str1.4
                0x0000000000034c7c        0x7 _build/nrf52840_xxaa/nrfx_gpiote.c.o
 *fill*         0x0000000000034c83        0x1 
 .rodata.str1.4
                0x0000000000034c84        0x4 _build/nrf52840_xxaa/nrfx_prs.c.o
 .rodata.str1.4
                0x0000000000034c88        0x5 _build/nrf52840_xxaa/nrfx_uart.c.o
 *fill*         0x0000000000034c8d        0x3 
 .rodata.str1.4
                0x0000000000034c90        0x6 _build/nrf52840_xxaa/nrfx_uarte.c.o
 *fill*         0x0000000000034c96        0x2 
 .rodata.app_buttons
                0x0000000000034c98       0x20 _build/nrf52840_xxaa/bsp.c.o
 .rodata.m_bsp_alert_tmr
                0x0000000000034cb8        0x4 _build/nrf52840_xxaa/bsp.c.o
 .rodata.m_bsp_button_tmr
                0x0000000000034cbc        0x4 _build/nrf52840_xxaa/bsp.c.o
 .rodata.m_bsp_leds_tmr
                0x0000000000034cc0        0x4 _build/nrf52840_xxaa/bsp.c.o
 .rodata.ble_evt_handler.str1.4
                0x0000000000034cc4       0x1b _build/nrf52840_xxaa/main.c.o
 *fill*         0x0000000000034cdf        0x1 
 .rodata.on_adv_evt.str1.4
                0x0000000000034ce0       0x12 _build/nrf52840_xxaa/main.c.o
 *fill*         0x0000000000034cf2        0x2 
 .rodata.main.str1.4
                0x0000000000034cf4       0x39 _build/nrf52840_xxaa/main.c.o
 *fill*         0x0000000000034d2d        0x3 
 .rodata.db_update_pending_handle.str1.4
                0x0000000000034d30       0x75 _build/nrf52840_xxaa/gatt_cache_manager.c.o
 *fill*         0x0000000000034da5        0x3 
 .rodata.local_db_apply_in_evt.str1.4
                0x0000000000034da8       0xd1 _build/nrf52840_xxaa/gatt_cache_manager.c.o
 *fill*         0x0000000000034e79        0x3 
 .rodata.sc_send_pending_handle.str1.4
                0x0000000000034e7c       0x40 _build/nrf52840_xxaa/gatt_cache_manager.c.o
 .rodata.gcm_init.str1.4
                0x0000000000034ebc       0x6f _build/nrf52840_xxaa/gatt_cache_manager.c.o
 *fill*         0x0000000000034f2b        0x1 
 .rodata.store_car_value.str1.4
                0x0000000000034f2c       0x5d _build/nrf52840_xxaa/gatt_cache_manager.c.o
 *fill*         0x0000000000034f89        0x3 
 .rodata.gcm_ble_evt_handler.str1.4
                0x0000000000034f8c       0xb2 _build/nrf52840_xxaa/gatt_cache_manager.c.o
 *fill*         0x000000000003503e        0x2 
 .rodata.str1.4
                0x0000000000035040       0x11 _build/nrf52840_xxaa/gatt_cache_manager.c.o
 *fill*         0x0000000000035051        0x3 
 .rodata        0x0000000000035054        0x4 _build/nrf52840_xxaa/gatt_cache_manager.c.o
 .rodata.car_value_false.11287
                0x0000000000035058        0x4 _build/nrf52840_xxaa/gatt_cache_manager.c.o
 .rodata.car_value_true.11286
                0x000000000003505c        0x4 _build/nrf52840_xxaa/gatt_cache_manager.c.o
 .rodata.service_changed_pending_set.str1.4
                0x0000000000035060       0x55 _build/nrf52840_xxaa/gatts_cache_manager.c.o
 *fill*         0x00000000000350b5        0x3 
 .rodata.gscm_local_db_cache_update.str1.4
                0x00000000000350b8       0x7f _build/nrf52840_xxaa/gatts_cache_manager.c.o
 *fill*         0x0000000000035137        0x1 
 .rodata.gscm_local_db_cache_apply.str1.4
                0x0000000000035138       0x78 _build/nrf52840_xxaa/gatts_cache_manager.c.o
 .rodata.gscm_service_changed_ind_send.str1.4
                0x00000000000351b0       0x4c _build/nrf52840_xxaa/gatts_cache_manager.c.o
 .rodata.str1.4
                0x00000000000351fc       0x12 _build/nrf52840_xxaa/gatts_cache_manager.c.o
 *fill*         0x000000000003520e        0x2 
 .rodata        0x0000000000035210       0x10 _build/nrf52840_xxaa/gatts_cache_manager.c.o
 .rodata.service_changed_pending.10988
                0x0000000000035220        0x4 _build/nrf52840_xxaa/gatts_cache_manager.c.o
 .rodata.service_changed_pending.11045
                0x0000000000035224        0x4 _build/nrf52840_xxaa/gatts_cache_manager.c.o
 .rodata.str1.4
                0x0000000000035228       0x10 _build/nrf52840_xxaa/id_manager.c.o
 .rodata.data_length_update.constprop.0.str1.4
                0x0000000000035238       0xe2 _build/nrf52840_xxaa/nrf_ble_gatt.c.o
 *fill*         0x000000000003531a        0x2 
 .rodata.nrf_ble_gatt_on_ble_evt.str1.4
                0x000000000003531c       0x63 _build/nrf52840_xxaa/nrf_ble_gatt.c.o
 *fill*         0x000000000003537f        0x1 
 .rodata.str1.4
                0x0000000000035380        0xd _build/nrf52840_xxaa/nrf_ble_gatt.c.o
 *fill*         0x000000000003538d        0x3 
 .rodata.peer_data_delete_process.str1.4
                0x0000000000035390       0x4c _build/nrf52840_xxaa/peer_data_storage.c.o
 .rodata.pds_init.str1.4
                0x00000000000353dc       0x82 _build/nrf52840_xxaa/peer_data_storage.c.o
 *fill*         0x000000000003545e        0x2 
 .rodata.pds_peer_data_store.str1.4
                0x0000000000035460       0x56 _build/nrf52840_xxaa/peer_data_storage.c.o
 *fill*         0x00000000000354b6        0x2 
 .rodata.str1.4
                0x00000000000354b8       0x11 _build/nrf52840_xxaa/peer_data_storage.c.o
 *fill*         0x00000000000354c9        0x3 
 .rodata.write_buf_store.str1.4
                0x00000000000354cc       0x6f _build/nrf52840_xxaa/peer_database.c.o
 *fill*         0x000000000003553b        0x1 
 .rodata.pdb_pds_evt_handler.str1.4
                0x000000000003553c       0x60 _build/nrf52840_xxaa/peer_database.c.o
 .rodata.pdb_init.str1.4
                0x000000000003559c       0x1e _build/nrf52840_xxaa/peer_database.c.o
 *fill*         0x00000000000355ba        0x2 
 .rodata.pdb_peer_free.str1.4
                0x00000000000355bc       0x52 _build/nrf52840_xxaa/peer_database.c.o
 *fill*         0x000000000003560e        0x2 
 .rodata.pdb_write_buf_get.str1.4
                0x0000000000035610       0x74 _build/nrf52840_xxaa/peer_database.c.o
 .rodata.str1.4
                0x0000000000035684       0x11 _build/nrf52840_xxaa/peer_database.c.o
 *fill*         0x0000000000035695        0x3 
 .rodata.pm_peer_ranks_get.part.0.str1.4
                0x0000000000035698       0x48 _build/nrf52840_xxaa/peer_manager.c.o
 .rodata.pm_init.str1.4
                0x00000000000356e0      0x107 _build/nrf52840_xxaa/peer_manager.c.o
 *fill*         0x00000000000357e7        0x1 
 .rodata.pm_peers_delete.str1.4
                0x00000000000357e8       0x48 _build/nrf52840_xxaa/peer_manager.c.o
 .rodata.pm_peer_rank_highest.str1.4
                0x0000000000035830       0x40 _build/nrf52840_xxaa/peer_manager.c.o
 .rodata.str1.4
                0x0000000000035870        0xd _build/nrf52840_xxaa/peer_manager.c.o
 *fill*         0x000000000003587d        0x3 
 .rodata        0x0000000000035880        0x8 _build/nrf52840_xxaa/peer_manager.c.o
 .rodata.__func__.11368
                0x0000000000035888        0x8 _build/nrf52840_xxaa/peer_manager.c.o
 .rodata.__func__.11554
                0x0000000000035890       0x10 _build/nrf52840_xxaa/peer_manager.c.o
 .rodata.pm_handler_on_pm_evt.str1.4
                0x00000000000358a0      0x42f _build/nrf52840_xxaa/peer_manager_handler.c.o
                                        0x433 (size before relaxing)
 *fill*         0x0000000000035ccf        0x1 
 .rodata.pm_handler_flash_clean_on_return.str1.4
                0x0000000000035cd0       0xa7 _build/nrf52840_xxaa/peer_manager_handler.c.o
 *fill*         0x0000000000035d77        0x1 
 .rodata.str1.4
                0x0000000000035d78      0x121 _build/nrf52840_xxaa/peer_manager_handler.c.o
 *fill*         0x0000000000035e99        0x3 
 .rodata.m_data_action_str
                0x0000000000035e9c        0x8 _build/nrf52840_xxaa/peer_manager_handler.c.o
 .rodata.m_data_id_str
                0x0000000000035ea4       0x28 _build/nrf52840_xxaa/peer_manager_handler.c.o
 .rodata.m_roles_str
                0x0000000000035ecc        0xc _build/nrf52840_xxaa/peer_manager_handler.c.o
 .rodata.m_sec_procedure_str
                0x0000000000035ed8        0xc _build/nrf52840_xxaa/peer_manager_handler.c.o
 .rodata.pairing_failure.str1.4
                0x0000000000035ee4       0x69 _build/nrf52840_xxaa/security_dispatcher.c.o
 .rodata.smd_init.str1.4
                0x0000000000035f4d       0x6f _build/nrf52840_xxaa/security_dispatcher.c.o
 *fill*         0x0000000000035f4d        0x3 
 .rodata.smd_params_reply.str1.4
                0x0000000000035f50       0xb2 _build/nrf52840_xxaa/security_dispatcher.c.o
 *fill*         0x0000000000036002        0x2 
 .rodata.smd_ble_evt_handler.str1.4
                0x0000000000036004      0x1c6 _build/nrf52840_xxaa/security_dispatcher.c.o
 *fill*         0x00000000000361ca        0x2 
 .rodata.str1.4
                0x00000000000361cc       0x11 _build/nrf52840_xxaa/security_dispatcher.c.o
 *fill*         0x00000000000361dd        0x3 
 .rodata.events_send_from_err_code.str1.4
                0x00000000000361e0      0x123 _build/nrf52840_xxaa/security_manager.c.o
 *fill*         0x0000000000036303        0x1 
 .rodata.link_secure.str1.4
                0x0000000000036304       0x55 _build/nrf52840_xxaa/security_manager.c.o
 .rodata.sm_init.str1.4
                0x0000000000036359       0x6f _build/nrf52840_xxaa/security_manager.c.o
 *fill*         0x0000000000036359        0x3 
 .rodata.str1.4
                0x000000000003635c       0x10 _build/nrf52840_xxaa/security_manager.c.o
 .rodata.str1.4
                0x000000000003636c        0x8 _build/nrf52840_xxaa/nrf_sdh.c.o
 .rodata        0x0000000000036374        0x4 _build/nrf52840_xxaa/nrf_sdh.c.o
 .rodata.sdh_req_observers
                0x0000000000036378        0xc _build/nrf52840_xxaa/nrf_sdh.c.o
 .rodata.sdh_stack_observers
                0x0000000000036384        0xc _build/nrf52840_xxaa/nrf_sdh.c.o
 .rodata.sdh_state_observers
                0x0000000000036390        0xc _build/nrf52840_xxaa/nrf_sdh.c.o
 .rodata.nrf_sdh_ble_default_cfg_set.str1.4
                0x000000000003639c      0x187 _build/nrf52840_xxaa/nrf_sdh_ble.c.o
 *fill*         0x0000000000036523        0x1 
 .rodata.nrf_sdh_ble_enable.str1.4
                0x0000000000036524       0xad _build/nrf52840_xxaa/nrf_sdh_ble.c.o
 *fill*         0x00000000000365d1        0x3 
 .rodata.str1.4
                0x00000000000365d4        0xc _build/nrf52840_xxaa/nrf_sdh_ble.c.o
 .rodata.sdh_ble_observers
                0x00000000000365e0        0xc _build/nrf52840_xxaa/nrf_sdh_ble.c.o
 .rodata.str1.4
                0x00000000000365ec        0xc _build/nrf52840_xxaa/nrf_sdh_soc.c.o
 .rodata.sdh_soc_observers
                0x00000000000365f8        0xc _build/nrf52840_xxaa/nrf_sdh_soc.c.o
 .rodata._ctype_
                0x0000000000036604      0x101 /home/tim/bin/gcc-arm-none-eabi-9-2019-q4-major/bin/../lib/gcc/arm-none-eabi/9.2.1/../../../../arm-none-eabi/lib/thumb/v7e-m+fp/hard/libc_nano.a(lib_a-ctype_.o)
                0x0000000000036604                _ctype_
 *fill*         0x0000000000036705        0x3 
 .rodata._global_impure_ptr
                0x0000000000036708        0x4 /home/tim/bin/gcc-arm-none-eabi-9-2019-q4-major/bin/../lib/gcc/arm-none-eabi/9.2.1/../../../../arm-none-eabi/lib/thumb/v7e-m+fp/hard/libc_nano.a(lib_a-impure.o)
                0x0000000000036708                _global_impure_ptr
 *(.eh_frame*)
 .eh_frame      0x000000000003670c        0x0 /home/tim/bin/gcc-arm-none-eabi-9-2019-q4-major/bin/../lib/gcc/arm-none-eabi/9.2.1/thumb/v7e-m+fp/hard/crtbegin.o
 .eh_frame      0x000000000003670c        0x4 /home/tim/bin/gcc-arm-none-eabi-9-2019-q4-major/bin/../lib/gcc/arm-none-eabi/9.2.1/thumb/v7e-m+fp/hard/crtend.o

.glue_7         0x0000000000036710        0x0
 .glue_7        0x0000000000036710        0x0 linker stubs

.glue_7t        0x0000000000036710        0x0
 .glue_7t       0x0000000000036710        0x0 linker stubs

.vfp11_veneer   0x0000000000036710        0x0
 .vfp11_veneer  0x0000000000036710        0x0 linker stubs

.v4_bx          0x0000000000036710        0x0
 .v4_bx         0x0000000000036710        0x0 linker stubs

.iplt           0x0000000000036710        0x0
 .iplt          0x0000000000036710        0x0 /home/tim/bin/gcc-arm-none-eabi-9-2019-q4-major/bin/../lib/gcc/arm-none-eabi/9.2.1/thumb/v7e-m+fp/hard/crtbegin.o

.mem_section_dummy_rom

.sdh_soc_observers
                0x0000000000036710       0x10
                0x0000000000036710                PROVIDE (__start_sdh_soc_observers = .)
 *(SORT_BY_NAME(.sdh_soc_observers*))
 .sdh_soc_observers0
                0x0000000000036710        0x8 _build/nrf52840_xxaa/nrf_fstorage_sd.c.o
 .sdh_soc_observers0
                0x0000000000036718        0x8 _build/nrf52840_xxaa/nrf_drv_clock.c.o
                0x0000000000036720                PROVIDE (__stop_sdh_soc_observers = .)

.pwr_mgmt_data  0x0000000000036720        0x0
                0x0000000000036720                PROVIDE (__start_pwr_mgmt_data = .)
 *(SORT_BY_NAME(.pwr_mgmt_data*))
                0x0000000000036720                PROVIDE (__stop_pwr_mgmt_data = .)

.sdh_ble_observers
                0x0000000000036720       0x40
                0x0000000000036720                PROVIDE (__start_sdh_ble_observers = .)
 *(SORT_BY_NAME(.sdh_ble_observers*))
 .sdh_ble_observers0
                0x0000000000036720        0x8 _build/nrf52840_xxaa/ble_conn_state.c.o
 .sdh_ble_observers1
                0x0000000000036728        0x8 _build/nrf52840_xxaa/bsp_btn_ble.c.o
 .sdh_ble_observers1
                0x0000000000036730       0x10 _build/nrf52840_xxaa/main.c.o
 .sdh_ble_observers1
                0x0000000000036740        0x8 _build/nrf52840_xxaa/ble_conn_params.c.o
 .sdh_ble_observers1
                0x0000000000036748        0x8 _build/nrf52840_xxaa/peer_manager.c.o
 .sdh_ble_observers2
                0x0000000000036750        0x8 _build/nrf52840_xxaa/main.c.o
 .sdh_ble_observers3
                0x0000000000036758        0x8 _build/nrf52840_xxaa/main.c.o
                0x0000000000036760                PROVIDE (__stop_sdh_ble_observers = .)

.sdh_state_observers
                0x0000000000036760       0x10
                0x0000000000036760                PROVIDE (__start_sdh_state_observers = .)
 *(SORT_BY_NAME(.sdh_state_observers*))
 .sdh_state_observers0
                0x0000000000036760        0x8 _build/nrf52840_xxaa/nrf_fstorage_sd.c.o
 .sdh_state_observers0
                0x0000000000036768        0x8 _build/nrf52840_xxaa/nrf_drv_clock.c.o
                0x0000000000036770                PROVIDE (__stop_sdh_state_observers = .)

.sdh_stack_observers
                0x0000000000036770       0x10
                0x0000000000036770                PROVIDE (__start_sdh_stack_observers = .)
 *(SORT_BY_NAME(.sdh_stack_observers*))
 .sdh_stack_observers0
                0x0000000000036770        0x8 _build/nrf52840_xxaa/nrf_sdh_ble.c.o
 .sdh_stack_observers0
                0x0000000000036778        0x8 _build/nrf52840_xxaa/nrf_sdh_soc.c.o
                0x0000000000036780                PROVIDE (__stop_sdh_stack_observers = .)

.sdh_req_observers
                0x0000000000036780        0x8
                0x0000000000036780                PROVIDE (__start_sdh_req_observers = .)
 *(SORT_BY_NAME(.sdh_req_observers*))
 .sdh_req_observers0
                0x0000000000036780        0x8 _build/nrf52840_xxaa/nrf_fstorage_sd.c.o
                0x0000000000036780                m_req_obs
                0x0000000000036788                PROVIDE (__stop_sdh_req_observers = .)

.nrf_queue      0x0000000000036788        0x0
                [!provide]                        PROVIDE (__start_nrf_queue = .)
 *(.nrf_queue)
                [!provide]                        PROVIDE (__stop_nrf_queue = .)

.nrf_balloc     0x0000000000036788       0x14
                [!provide]                        PROVIDE (__start_nrf_balloc = .)
 *(.nrf_balloc)
 .nrf_balloc    0x0000000000036788       0x14 _build/nrf52840_xxaa/nrf_log_frontend.c.o
                0x0000000000036788                log_mempool
                [!provide]                        PROVIDE (__stop_nrf_balloc = .)

.cli_command    0x000000000003679c        0x0
                [!provide]                        PROVIDE (__start_cli_command = .)
 *(.cli_command)
                [!provide]                        PROVIDE (__stop_cli_command = .)

.crypto_data    0x000000000003679c        0x0
                [!provide]                        PROVIDE (__start_crypto_data = .)
 *(SORT_BY_NAME(.crypto_data*))
                [!provide]                        PROVIDE (__stop_crypto_data = .)

.log_const_data
                0x000000000003679c       0xc8
                0x000000000003679c                PROVIDE (__start_log_const_data = .)
 *(SORT_BY_NAME(.log_const_data*))
 .log_const_data_CLOCK
                0x000000000003679c        0x8 _build/nrf52840_xxaa/nrfx_clock.c.o
                0x000000000003679c                m_nrf_log_CLOCK_logs_data_const
 .log_const_data_GPIOTE
                0x00000000000367a4        0x8 _build/nrf52840_xxaa/nrfx_gpiote.c.o
                0x00000000000367a4                m_nrf_log_GPIOTE_logs_data_const
 .log_const_data_PRS
                0x00000000000367ac        0x8 _build/nrf52840_xxaa/nrfx_prs.c.o
                0x00000000000367ac                m_nrf_log_PRS_logs_data_const
 .log_const_data_UART
                0x00000000000367b4        0x8 _build/nrf52840_xxaa/nrfx_uart.c.o
                0x00000000000367b4                m_nrf_log_UART_logs_data_const
 .log_const_data_UARTE
                0x00000000000367bc        0x8 _build/nrf52840_xxaa/nrfx_uarte.c.o
                0x00000000000367bc                m_nrf_log_UARTE_logs_data_const
 .log_const_data_app
                0x00000000000367c4        0x8 _build/nrf52840_xxaa/nrf_log_frontend.c.o
                0x00000000000367c4                m_nrf_log_app_logs_data_const
 .log_const_data_app_button
                0x00000000000367cc        0x8 _build/nrf52840_xxaa/app_button.c.o
                0x00000000000367cc                m_nrf_log_app_button_logs_data_const
 .log_const_data_app_timer
                0x00000000000367d4        0x8 _build/nrf52840_xxaa/app_timer2.c.o
                0x00000000000367d4                m_nrf_log_app_timer_logs_data_const
 .log_const_data_clock
                0x00000000000367dc        0x8 _build/nrf52840_xxaa/nrf_drv_clock.c.o
                0x00000000000367dc                m_nrf_log_clock_logs_data_const
 .log_const_data_nrf_ble_gatt
                0x00000000000367e4        0x8 _build/nrf52840_xxaa/nrf_ble_gatt.c.o
                0x00000000000367e4                m_nrf_log_nrf_ble_gatt_logs_data_const
 .log_const_data_nrf_fstorage
                0x00000000000367ec        0x8 _build/nrf52840_xxaa/nrf_fstorage.c.o
                0x00000000000367ec                m_nrf_log_nrf_fstorage_logs_data_const
 .log_const_data_nrf_sdh
                0x00000000000367f4        0x8 _build/nrf52840_xxaa/nrf_sdh.c.o
                0x00000000000367f4                m_nrf_log_nrf_sdh_logs_data_const
 .log_const_data_nrf_sdh_ble
                0x00000000000367fc        0x8 _build/nrf52840_xxaa/nrf_sdh_ble.c.o
                0x00000000000367fc                m_nrf_log_nrf_sdh_ble_logs_data_const
 .log_const_data_nrf_sdh_soc
                0x0000000000036804        0x8 _build/nrf52840_xxaa/nrf_sdh_soc.c.o
                0x0000000000036804                m_nrf_log_nrf_sdh_soc_logs_data_const
 .log_const_data_peer_manager
                0x000000000003680c        0x8 _build/nrf52840_xxaa/peer_manager.c.o
                0x000000000003680c                m_nrf_log_peer_manager_logs_data_const
 .log_const_data_peer_manager_gcm
                0x0000000000036814        0x8 _build/nrf52840_xxaa/gatt_cache_manager.c.o
                0x0000000000036814                m_nrf_log_peer_manager_gcm_logs_data_const
 .log_const_data_peer_manager_gscm
                0x000000000003681c        0x8 _build/nrf52840_xxaa/gatts_cache_manager.c.o
                0x000000000003681c                m_nrf_log_peer_manager_gscm_logs_data_const
 .log_const_data_peer_manager_handler
                0x0000000000036824        0x8 _build/nrf52840_xxaa/peer_manager_handler.c.o
                0x0000000000036824                m_nrf_log_peer_manager_handler_logs_data_const
 .log_const_data_peer_manager_im
                0x000000000003682c        0x8 _build/nrf52840_xxaa/id_manager.c.o
                0x000000000003682c                m_nrf_log_peer_manager_im_logs_data_const
 .log_const_data_peer_manager_pdb
                0x0000000000036834        0x8 _build/nrf52840_xxaa/peer_database.c.o
                0x0000000000036834                m_nrf_log_peer_manager_pdb_logs_data_const
 .log_const_data_peer_manager_pds
                0x000000000003683c        0x8 _build/nrf52840_xxaa/peer_data_storage.c.o
                0x000000000003683c                m_nrf_log_peer_manager_pds_logs_data_const
 .log_const_data_peer_manager_sm
                0x0000000000036844        0x8 _build/nrf52840_xxaa/security_manager.c.o
                0x0000000000036844                m_nrf_log_peer_manager_sm_logs_data_const
 .log_const_data_peer_manager_smd
                0x000000000003684c        0x8 _build/nrf52840_xxaa/security_dispatcher.c.o
                0x000000000003684c                m_nrf_log_peer_manager_smd_logs_data_const
 .log_const_data_pwr_mgmt
                0x0000000000036854        0x8 _build/nrf52840_xxaa/nrf_pwr_mgmt.c.o
                0x0000000000036854                m_nrf_log_pwr_mgmt_logs_data_const
 .log_const_data_sortlist
                0x000000000003685c        0x8 _build/nrf52840_xxaa/nrf_sortlist.c.o
                0x000000000003685c                m_nrf_log_sortlist_logs_data_const
                0x0000000000036864                PROVIDE (__stop_log_const_data = .)

.log_backends   0x0000000000036864       0x10
                [!provide]                        PROVIDE (__start_log_backends = .)
 *(SORT_BY_NAME(.log_backends*))
 .log_backends  0x0000000000036864       0x10 _build/nrf52840_xxaa/nrf_log_default_backends.c.o
                [!provide]                        PROVIDE (__stop_log_backends = .)

.ARM.extab
 *(.ARM.extab* .gnu.linkonce.armextab.*)
                0x0000000000036874                __exidx_start = .

.ARM.exidx      0x0000000000036874        0x8
 *(.ARM.exidx* .gnu.linkonce.armexidx.*)
 .ARM.exidx     0x0000000000036874        0x8 /home/tim/bin/gcc-arm-none-eabi-9-2019-q4-major/bin/../lib/gcc/arm-none-eabi/9.2.1/../../../../arm-none-eabi/lib/thumb/v7e-m+fp/hard/crt0.o
 .ARM.exidx     0x000000000003687c        0x0 /home/tim/bin/gcc-arm-none-eabi-9-2019-q4-major/bin/../lib/gcc/arm-none-eabi/9.2.1/thumb/v7e-m+fp/hard/libgcc.a(_udivmoddi4.o)
                                          0x8 (size before relaxing)
                0x000000000003687c                __exidx_end = .
                0x000000000003687c                __etext = .

.rel.dyn        0x000000000003687c        0x0